// Jest Snapshot v1, https://goo.gl/fbAQLP

exports[`Faucet renders 1`] = `
.emotion-0 {
  margin-top: 75px;
  display: -webkit-box;
  display: -webkit-flex;
  display: -ms-flexbox;
  display: flex;
  -webkit-flex-direction: column;
  -ms-flex-direction: column;
  flex-direction: column;
}

.emotion-1 {
  font-family: EB Garamond,eb-garamond,Garamond,serif;
  font-size: 48px;
  line-height: 56;
  text-rendering: geometricPrecision;
  color: #111214;
  font-weight: normal;
  margin: 0;
  margin-block-start: 0;
  margin-block-end: 0;
  line-height: 56px;
  text-align: center;
  margin-top: 75px;
  margin-bottom: 75px;
}

.emotion-2 {
  box-sizing: border-box;
  display: -webkit-box;
  display: -webkit-flex;
  display: -ms-flexbox;
  display: flex;
  -webkit-flex-direction: column;
  -ms-flex-direction: column;
  flex-direction: column;
  overflow: hidden;
  -webkit-align-items: center;
  -webkit-box-align: center;
  -ms-flex-align: center;
  align-items: center;
  -webkit-align-self: center;
  -ms-flex-item-align: center;
  align-self: center;
  width: 100%;
}

.emotion-3 {
  box-sizing: border-box;
  display: -webkit-box;
  display: -webkit-flex;
  display: -ms-flexbox;
  display: flex;
  -webkit-flex-direction: column;
  -ms-flex-direction: column;
  flex-direction: column;
  -webkit-align-self: center;
  -ms-flex-item-align: center;
  align-self: center;
  -webkit-flex-direction: column;
  -ms-flex-direction: column;
  flex-direction: column;
  padding-left: 12px;
  padding-right: 12px;
  width: 100%;
  max-width: 100vw;
  overflow: hidden;
  -webkit-box-flex-wrap: wrap;
  -webkit-flex-wrap: wrap;
  -ms-flex-wrap: wrap;
  flex-wrap: wrap;
  -webkit-column-gap: 24px;
  column-gap: 24px;
  margin-top: 20px;
  margin-bottom: 20px;
}

@media (min-width: 576px) and (max-width: 992px) {
  .emotion-3 {
    display: grid;
    grid-auto-rows: auto;
    -webkit-align-self: center;
    -ms-flex-item-align: center;
    align-self: center;
    -webkit-flex-direction: row;
    -ms-flex-direction: row;
    flex-direction: row;
    padding-right: 24px;
    padding-left: 24px;
    width: 100%;
    max-width: 982px;
  }
}

@media (min-width: 992px) {
  .emotion-3 {
    display: grid;
    grid-auto-rows: auto;
    -webkit-align-self: center;
    -ms-flex-item-align: center;
    align-self: center;
    width: 100%;
    max-width: 1104px;
  }
}

@media (min-width: 992px) {
  .emotion-3 {
    grid-template-columns: 1fr 1fr 1fr 1fr;
  }
}

@media (min-width: 576px) and (max-width: 992px) {
  .emotion-3 {
    grid-template-columns: 1fr 1fr 1fr 1fr;
  }
}

.emotion-4 {
  box-sizing: border-box;
  display: -webkit-box;
  display: -webkit-flex;
  display: -ms-flexbox;
  display: flex;
  -webkit-flex-direction: column;
  -ms-flex-direction: column;
  flex-direction: column;
  grid-column: span 1;
}

@media (min-width: 576px) and (max-width: 992px) {
  .emotion-4 {
    grid-column: span 1;
  }
}

.emotion-5 {
  font-weight: normal;
  margin: 0;
  margin-block-start: 0;
  margin-block-end: 0;
  font-family: Jost,futura-pt,futura,sans-serif;
  font-size: 24px;
  line-height: 28;
  font-weight: 400;
  text-rendering: geometricPrecision;
  color: #111214;
  line-height: 28px;
}

.emotion-6 {
  box-sizing: border-box;
  display: -webkit-box;
  display: -webkit-flex;
  display: -ms-flexbox;
  display: flex;
  -webkit-flex-direction: column;
  -ms-flex-direction: column;
  flex-direction: column;
  grid-column: span 2;
}

@media (min-width: 576px) and (max-width: 992px) {
  .emotion-6 {
    grid-column: span 2;
  }
}

.emotion-7 {
  font-family: EB Garamond,eb-garamond,Garamond,serif;
  font-size: 20px;
  line-height: 28;
  text-rendering: geometricPrecision;
  color: #111214;
  line-height: 28px;
}

.emotion-8 {
  display: -webkit-box;
  display: -webkit-flex;
  display: -ms-flexbox;
  display: flex;
  -webkit-flex-direction: column;
  -ms-flex-direction: column;
  flex-direction: column;
  margin: 20px 0;
}

.emotion-9 {
  box-sizing: border-box;
  display: -webkit-box;
  display: -webkit-flex;
  display: -ms-flexbox;
  display: flex;
  -webkit-flex-direction: column;
  -ms-flex-direction: column;
  flex-direction: column;
  font-family: EB Garamond,eb-garamond,Garamond,serif;
  font-size: 20px;
  line-height: 28;
  text-rendering: geometricPrecision;
  color: #111214;
  line-height: 28px;
  -webkit-align-self: center;
  -ms-flex-item-align: center;
  align-self: center;
  padding-left: 12px;
  padding-right: 12px;
  padding-top: 12px;
  padding-bottom: 16px;
  border-radius: 3px;
  border-width: 1px;
  border-style: solid;
  border-color: rgba(61, 61, 61, 0.2);
  width: 100%;
  margin: 4px;
  margin-bottom: 8px;
  outline-width: 0;
}

.emotion-9:focus {
  border-color: #35D07F;
}

.emotion-10 {
  font-family: Jost,futura-pt,futura,sans-serif;
  font-size: 14px;
  text-rendering: geometricPrecision;
  color: #111214;
}

.emotion-11 {
  height: 80px;
  margin: 20px 0;
}

.emotion-12 {
  box-sizing: border-box;
  display: -webkit-box;
  display: -webkit-flex;
  display: -ms-flexbox;
  display: flex;
  -webkit-flex-direction: row;
  -ms-flex-direction: row;
  flex-direction: row;
}

.emotion-13 {
  -webkit-align-items: flex-start;
  -webkit-box-align: flex-start;
  -ms-flex-align: flex-start;
  align-items: flex-start;
}

.emotion-14 {
  -webkit-box-pack: center;
  -ms-flex-pack: center;
  -webkit-justify-content: center;
  justify-content: center;
  -webkit-box-flex: 0;
  -webkit-flex-grow: 0;
  -ms-flex-positive: 0;
  flex-grow: 0;
  width: -webkit-fit-content;
  width: -moz-fit-content;
  width: fit-content;
  opacity: 1;
  display: -webkit-inline-box;
  display: -webkit-inline-flex;
  display: -ms-inline-flexbox;
  display: inline-flex;
  -webkit-align-items: center;
  -webkit-box-align: center;
  -ms-flex-align: center;
  align-items: center;
  font-family: Jost,futura-pt,futura,sans-serif;
  font-size: 16px;
  line-height: 16;
  text-align: center;
  text-rendering: geometricPrecision;
  color: #111214;
  cursor: pointer;
  font-weight: 500;
  line-height: 16px;
  -webkit-text-decoration: none;
  text-decoration: none;
  min-width: 150px;
  padding: 10px 20px;
  background-color: rgba(69, 214, 138, 0.7);
  border-color: rgba(69, 214, 138, 0.7);
  border-radius: 3px;
  border-width: 1px;
  font-weight: 500;
  color: #FFFFFF;
  cursor: not-allowed;
}

.emotion-15 {
  display: -webkit-box;
  display: -webkit-flex;
  display: -ms-flexbox;
  display: flex;
  -webkit-flex-direction: column;
  -ms-flex-direction: column;
  flex-direction: column;
}

.emotion-16 {
  box-sizing: border-box;
  display: -webkit-box;
  display: -webkit-flex;
  display: -ms-flexbox;
  display: flex;
  -webkit-flex-direction: row;
  -ms-flex-direction: row;
  flex-direction: row;
  -webkit-align-content: center;
  -ms-flex-line-pack: center;
  align-content: center;
  height: 100%;
}

.emotion-23 {
  display: inline;
}

.emotion-24 {
  color: inherit;
  cursor: pointer;
  text-decoration-style: solid;
  text-decoration-line: underline;
  display: inline;
  opacity: 1;
}

.emotion-24:hover {
  opacity: 0.75;
}

.emotion-24:active {
  opacity: 1;
}

.emotion-39 {
  margin-bottom: 20px;
}

.emotion-40 {
  font-family: EB Garamond,eb-garamond,Garamond,serif;
  font-size: 20px;
  line-height: 28;
  text-rendering: geometricPrecision;
  color: #111214;
  line-height: 28px;
  padding-bottom: 10px;
}

.emotion-41 {
  font-weight: bold;
}

.emotion-43 {
  -webkit-box-pack: center;
  -ms-flex-pack: center;
  -webkit-justify-content: center;
  justify-content: center;
  -webkit-box-flex: 0;
  -webkit-flex-grow: 0;
  -ms-flex-positive: 0;
  flex-grow: 0;
  width: -webkit-fit-content;
  width: -moz-fit-content;
  width: fit-content;
  opacity: 1;
  background-color: transparent;
  border-color: transparent;
  outline-color: transparent;
  -webkit-flex-direction: row;
  -ms-flex-direction: row;
  flex-direction: row;
  -webkit-box-pack: center;
  -ms-flex-pack: center;
  -webkit-justify-content: center;
  justify-content: center;
}

.emotion-44 {
  font-family: Jost,futura-pt,futura,sans-serif;
  font-size: 16px;
  line-height: 16;
  text-align: center;
  text-rendering: geometricPrecision;
  color: #111214;
  cursor: pointer;
  font-weight: 500;
  line-height: 16px;
  -webkit-text-decoration: none;
  text-decoration: none;
  display: -webkit-inline-box;
  display: -webkit-inline-flex;
  display: -ms-inline-flexbox;
  display: inline-flex;
  -webkit-align-items: center;
  -webkit-box-align: center;
  -ms-flex-align: center;
  align-items: center;
  color: #35D07F;
  font-size: 16px;
  font-weight: 500;
}

.emotion-44:hover {
  color: #4CDD91;
}

.emotion-44:active {
  color: #0FB972;
}

.emotion-45 {
  padding-top: 0.15em;
  padding-left: 0.4em;
}

<div
  className="emotion-0"
>
  <h1
    className="emotion-1"
  >
    Fund your Testnet Account
  </h1>
  <section
    className="emotion-2"
  >
    <div
      className="emotion-3"
    >
      <div
        className="emotion-4"
      >
        <h3
          className="emotion-5"
        >
          Add Funds
        </h3>
      </div>
      <div
        className="emotion-6"
      >
        <p
          className="emotion-7"
        >
          Enter the address of your Alfajores Testnet account to receive additional funds. Each request adds 1 CELO and 1 of each core stable token (e.g. cUSD, cEUR, cREAL).

In the Celo Wallet, you can find your address by pressing the menu icon at the top left and scrolling down to bottom. Press the address to copy it to your deviceâ€™s clipboard.
        </p>
        <div
          className="emotion-8"
        >
          <input
            className="emotion-9"
            name="beneficiary"
            onChange={[Function]}
            placeholder="Testnet Address"
            type="text"
            value=""
          />
          <span
            className="emotion-10"
          >
            eg. a0000aaa00a0000...a00a0a0000a00a00aa
          </span>
          <div
            className="emotion-11"
          >
            <div />
          </div>
          <div
            className="emotion-12"
          >
            <div
              className="emotion-13"
            >
              <button
                className="emotion-14"
                disabled={true}
                onClick={[Function]}
              >
                Get Started
              </button>
            </div>
            <div
              className="emotion-15"
            >
              <div
                className="emotion-16"
                id="hash-status"
              />
            </div>
          </div>
        </div>
      </div>
    </div>
  </section>
  <section
    className="emotion-2"
  >
    <div
      className="emotion-3"
    >
      <div
        className="emotion-4"
      >
        <h3
          className="emotion-5"
        >
          Create an Account
        </h3>
      </div>
      <div
        className="emotion-6"
      >
        <p
          className="emotion-7"
        >
          If you have an Android or iOS device, you can set up a funded account on the Alfajores Testnet by requesting a 
          <div
            className="emotion-23"
          >
            <a
              className="emotion-24"
              href="/developers/wallet"
              onClick={[Function]}
              onMouseEnter={[Function]}
            >
              Celo Wallet invite
            </a>
          </div>
          . You can also 
          <div
            className="emotion-23"
          >
            <a
              className="emotion-24"
              href="https://docs.celo.org/getting-started/faucet#creating-an-empty-account-with-the-celo-client"
              onClick={[Function]}
              onMouseEnter={[Function]}
            >
              create an account via the command line
              .
            </a>
          </div>
        </p>
      </div>
    </div>
  </section>
  <section
    className="emotion-2"
  >
    <div
      className="emotion-3"
    >
      <div
        className="emotion-4"
      >
        <h3
          className="emotion-5"
        >
          Have an Account?
        </h3>
      </div>
      <div
        className="emotion-6"
      >
        <p
          className="emotion-7"
        >
          You can access an existing account from the Celo Wallet by pressing \`Import It\` on the first screen and entering your seed phrase.
        </p>
      </div>
    </div>
  </section>
  <section
    className="emotion-2"
  >
    <div
      className="emotion-3"
    >
      <div
        className="emotion-4"
      >
        <h3
          className="emotion-5"
        >
          Hitting Issues?
        </h3>
      </div>
      <div
        className="emotion-6"
      >
        <p
          className="emotion-7"
        />
        <div
          className="emotion-39"
        >
          <div
            className="emotion-40"
          >
            <span
              className="emotion-41"
            >
              Get Help from the Celo Community.
               
            </span>
            Find answers and ask questions in the Forum
          </div>
          <div
            className="emotion-42"
          >
            <span
              className="emotion-43"
            >
              <a
                className="emotion-44"
                href="https://forum.celo.org/"
                onClick={[Function]}
                onMouseEnter={[Function]}
              >
                Alfajores Testnet Forum
                <span
                  className="emotion-45"
                >
                  <svg
                    fill="none"
                    height="0.75em"
                    style={
                      Object {
                        "transform": "rotate(0deg)",
                      }
                    }
                    viewBox="0 0 8 12"
                    width="0.75em"
                  >
                    <path
                      clipRule="evenodd"
                      d="M1.19997 0L1.13249e-05 1.19996L4.80011 6.00006L0 10.8002L1.19996 12.0001L7.19977 6.00032L7.19953 6.00007L7.19979 5.99981L1.19997 0Z"
                      fill="#35D07F"
                      fillRule="evenodd"
                      opacity={1}
                    />
                  </svg>
                </span>
              </a>
            </span>
          </div>
        </div>
      </div>
    </div>
  </section>
  <section
    className="emotion-2"
  >
    <div
      className="emotion-3"
    >
      <div
        className="emotion-4"
      >
        <h3
          className="emotion-5"
        >
          What's Next
        </h3>
      </div>
      <div
        className="emotion-6"
      >
        <p
          className="emotion-7"
        />
        <div
          className="emotion-39"
        >
          <div
            className="emotion-40"
          >
            <span
              className="emotion-41"
            >
              Build the Celo Wallet locally.
               
            </span>
            Follow these instructions to build the Wallet from source, pointed at the Alfajores Testnet.
          </div>
          <div
            className="emotion-42"
          >
            <span
              className="emotion-43"
            >
              <a
                className="emotion-44"
                href="https://docs.celo.org/celo-codebase/wallet/intro"
                onClick={[Function]}
                onMouseEnter={[Function]}
              >
                Read the Wallet Tutorial
                <span
                  className="emotion-45"
                >
                  <svg
                    fill="none"
                    height="0.75em"
                    style={
                      Object {
                        "transform": "rotate(0deg)",
                      }
                    }
                    viewBox="0 0 8 12"
                    width="0.75em"
                  >
                    <path
                      clipRule="evenodd"
                      d="M1.19997 0L1.13249e-05 1.19996L4.80011 6.00006L0 10.8002L1.19996 12.0001L7.19977 6.00032L7.19953 6.00007L7.19979 5.99981L1.19997 0Z"
                      fill="#35D07F"
                      fillRule="evenodd"
                      opacity={1}
                    />
                  </svg>
                </span>
              </a>
            </span>
          </div>
        </div>
        <div
          className="emotion-39"
        >
          <div
            className="emotion-40"
          >
            <span
              className="emotion-41"
            >
              View account information. 
               
            </span>
            Check your balance and transaction history
          </div>
          <div
            className="emotion-42"
          >
            <span
              className="emotion-43"
            >
              <a
                className="emotion-44"
                href="http://alfajores-blockscout.celo-testnet.org/"
                onClick={[Function]}
                onMouseEnter={[Function]}
              >
                BlockScout
                <span
                  className="emotion-45"
                >
                  <svg
                    fill="none"
                    height="0.75em"
                    style={
                      Object {
                        "transform": "rotate(0deg)",
                      }
                    }
                    viewBox="0 0 8 12"
                    width="0.75em"
                  >
                    <path
                      clipRule="evenodd"
                      d="M1.19997 0L1.13249e-05 1.19996L4.80011 6.00006L0 10.8002L1.19996 12.0001L7.19977 6.00032L7.19953 6.00007L7.19979 5.99981L1.19997 0Z"
                      fill="#35D07F"
                      fillRule="evenodd"
                      opacity={1}
                    />
                  </svg>
                </span>
              </a>
            </span>
          </div>
        </div>
        <div
          className="emotion-39"
        >
          <div
            className="emotion-40"
          >
            <span
              className="emotion-41"
            >
              Interested in running your own node? 
               
            </span>
            Follow our step-by-step guide.
          </div>
          <div
            className="emotion-42"
          >
            <span
              className="emotion-43"
            >
              <a
                className="emotion-44"
                href="https://docs.celo.org/getting-started/running-a-full-node"
                onClick={[Function]}
                onMouseEnter={[Function]}
              >
                Read the Docs
                <span
                  className="emotion-45"
                >
                  <svg
                    fill="none"
                    height="0.75em"
                    style={
                      Object {
                        "transform": "rotate(0deg)",
                      }
                    }
                    viewBox="0 0 8 12"
                    width="0.75em"
                  >
                    <path
                      clipRule="evenodd"
                      d="M1.19997 0L1.13249e-05 1.19996L4.80011 6.00006L0 10.8002L1.19996 12.0001L7.19977 6.00032L7.19953 6.00007L7.19979 5.99981L1.19997 0Z"
                      fill="#35D07F"
                      fillRule="evenodd"
                      opacity={1}
                    />
                  </svg>
                </span>
              </a>
            </span>
          </div>
        </div>
      </div>
    </div>
  </section>
</div>
`;
