// Jest Snapshot v1, https://goo.gl/fbAQLP

exports[`Error renders 1`] = `
.emotion-0 {
  width: 100%;
  height: 100%;
  max-width: 100vw;
  max-height: 100vh;
  -webkit-align-items: center;
  -webkit-box-align: center;
  -ms-flex-align: center;
  align-items: center;
  -webkit-box-pack: center;
  -ms-flex-pack: center;
  -webkit-justify-content: center;
  justify-content: center;
  position: absolute;
  top: 3%;
  display: -webkit-box;
  display: -webkit-flex;
  display: -ms-flexbox;
  display: flex;
}

.emotion-1 {
  -webkit-align-self: center;
  -ms-flex-item-align: center;
  align-self: center;
  -webkit-box-pack: center;
  -ms-flex-pack: center;
  -webkit-justify-content: center;
  justify-content: center;
  background-color: #FFFFFF;
  border-radius: 50px;
  box-shadow: 0 0 5px 10px #FFFFFF;
}

.emotion-2 {
  font-family: GT-Alpina,serif;
  font-size: 48px;
  line-height: 56;
  text-rendering: geometricPrecision;
  color: #111214;
  font-weight: 200;
  margin: 0;
  margin-block-start: 0;
  margin-block-end: 0;
  line-height: 56px;
  font-size: 120px;
  line-height: 120px;
  text-align: center;
  background-color: #FFFFFF;
  border-radius: 50px;
  box-shadow: 0 0 5px 10px #FFFFFF;
}

.emotion-3 {
  font-weight: 200;
  margin: 0;
  margin-block-start: 0;
  margin-block-end: 0;
  font-family: Inter,sans-serif;
  font-size: 28px;
  line-height: 36;
  text-rendering: geometricPrecision;
  color: #111214;
  line-height: 36px;
  text-align: center;
  margin-bottom: 40px;
}

.emotion-4 {
  -webkit-align-items: center;
  -webkit-box-align: center;
  -ms-flex-align: center;
  align-items: center;
}

.emotion-5 {
  -webkit-box-pack: center;
  -ms-flex-pack: center;
  -webkit-justify-content: center;
  justify-content: center;
  -webkit-box-flex: 0;
  -webkit-flex-grow: 0;
  -ms-flex-positive: 0;
  flex-grow: 0;
  width: -webkit-fit-content;
  width: -moz-fit-content;
  width: fit-content;
  opacity: 1;
  display: -webkit-inline-box;
  display: -webkit-inline-flex;
  display: -ms-inline-flexbox;
  display: inline-flex;
  -webkit-align-items: center;
  -webkit-box-align: center;
  -ms-flex-align: center;
  align-items: center;
  font-family: Jost,futura-pt,futura,sans-serif;
  font-size: 16px;
  line-height: 16;
  text-align: center;
  text-rendering: geometricPrecision;
  color: #111214;
  cursor: pointer;
  font-weight: 500;
  line-height: 16px;
  -webkit-text-decoration: none;
  text-decoration: none;
  min-width: 200px;
  padding: 20px 30px;
  font-size: 20px;
  background-color: #35D07F;
  border-color: #35D07F;
  border-radius: 3px;
  border-width: 1px;
  font-weight: 500;
  color: #FFFFFF;
}

.emotion-5:hover {
  background-color: #4CDD91;
  border-color: #4CDD91;
  border-radius: 3px;
  border-width: 1px;
}

.emotion-5:active {
  background-color: #0FB972;
  border-color: #0FB972;
  outline-color: #0FB972;
  border-radius: 3px;
  border-width: 1px;
}

<div>
  <div
    className="emotion-0"
  >
    <div
      className="emotion-1"
    >
      <h1
        className="emotion-2"
      >
        404
      </h1>
      <p
        className="emotion-3"
      >
        We can't find the page you are looking for
      </p>
      <div
        className="emotion-4"
      >
        <a
          className="emotion-5"
          href="/"
          onClick={[Function]}
          onMouseEnter={[Function]}
        >
          Go Home
        </a>
      </div>
    </div>
  </div>
</div>
`;
