// Jest Snapshot v1, https://goo.gl/fbAQLP

exports[`Audits renders 1`] = `
.emotion-0 {
  box-sizing: border-box;
  display: -webkit-box;
  display: -webkit-flex;
  display: -ms-flexbox;
  display: flex;
  -webkit-flex-direction: column;
  -ms-flex-direction: column;
  flex-direction: column;
  margin-top: 75px;
  padding-top: 75px;
  min-height: 450px;
}

.emotion-1 {
  box-sizing: border-box;
  display: -webkit-box;
  display: -webkit-flex;
  display: -ms-flexbox;
  display: flex;
  -webkit-flex-direction: column;
  -ms-flex-direction: column;
  flex-direction: column;
  overflow: hidden;
  -webkit-align-items: center;
  -webkit-box-align: center;
  -ms-flex-align: center;
  align-items: center;
  -webkit-align-self: center;
  -ms-flex-item-align: center;
  align-self: center;
  width: 100%;
}

.emotion-2 {
  box-sizing: border-box;
  display: -webkit-box;
  display: -webkit-flex;
  display: -ms-flexbox;
  display: flex;
  -webkit-flex-direction: column;
  -ms-flex-direction: column;
  flex-direction: column;
  -webkit-align-self: center;
  -ms-flex-item-align: center;
  align-self: center;
  -webkit-flex-direction: column;
  -ms-flex-direction: column;
  flex-direction: column;
  padding-left: 12px;
  padding-right: 12px;
  width: 100%;
  max-width: 100vw;
  overflow: hidden;
  -webkit-box-flex-wrap: wrap;
  -webkit-flex-wrap: wrap;
  -ms-flex-wrap: wrap;
  flex-wrap: wrap;
  -webkit-column-gap: 24px;
  column-gap: 24px;
  -webkit-box-pack: center;
  -ms-flex-pack: center;
  -webkit-justify-content: center;
  justify-content: center;
  -webkit-align-items: center;
  -webkit-box-align: center;
  -ms-flex-align: center;
  align-items: center;
}

@media (min-width: 576px) and (max-width: 992px) {
  .emotion-2 {
    display: grid;
    grid-auto-rows: auto;
    -webkit-align-self: center;
    -ms-flex-item-align: center;
    align-self: center;
    -webkit-flex-direction: row;
    -ms-flex-direction: row;
    flex-direction: row;
    padding-right: 24px;
    padding-left: 24px;
    width: 100%;
    max-width: 982px;
  }
}

@media (min-width: 992px) {
  .emotion-2 {
    display: grid;
    grid-auto-rows: auto;
    -webkit-align-self: center;
    -ms-flex-item-align: center;
    align-self: center;
    width: 100%;
    max-width: 1104px;
  }
}

@media (min-width: 992px) {
  .emotion-2 {
    grid-template-columns: 1fr;
  }
}

@media (min-width: 576px) and (max-width: 992px) {
  .emotion-2 {
    grid-template-columns: 1fr;
  }
}

@media (min-width: 992px) {
  .emotion-2 {
    margin-bottom: 60px;
  }
}

@media (min-width: 576px) and (max-width: 992px) {
  .emotion-2 {
    margin-bottom: 40px;
  }
}

@media (max-width: 576px) {
  .emotion-2 {
    margin-bottom: 30px;
  }
}

.emotion-3 {
  font-family: EB Garamond,eb-garamond,Garamond,serif;
  font-size: 48px;
  line-height: 56;
  text-rendering: geometricPrecision;
  color: #111214;
  font-weight: normal;
  margin: 0;
  margin-block-start: 0;
  margin-block-end: 0;
  line-height: 56px;
  text-align: center;
}

.emotion-5 {
  box-sizing: border-box;
  display: -webkit-box;
  display: -webkit-flex;
  display: -ms-flexbox;
  display: flex;
  -webkit-flex-direction: column;
  -ms-flex-direction: column;
  flex-direction: column;
  -webkit-align-self: center;
  -ms-flex-item-align: center;
  align-self: center;
  -webkit-flex-direction: column;
  -ms-flex-direction: column;
  flex-direction: column;
  padding-left: 12px;
  padding-right: 12px;
  width: 100%;
  max-width: 100vw;
  overflow: hidden;
  -webkit-box-flex-wrap: wrap;
  -webkit-flex-wrap: wrap;
  -ms-flex-wrap: wrap;
  flex-wrap: wrap;
  -webkit-column-gap: 24px;
  column-gap: 24px;
  margin-top: 20px;
  margin-bottom: 20px;
}

@media (min-width: 576px) and (max-width: 992px) {
  .emotion-5 {
    display: grid;
    grid-auto-rows: auto;
    -webkit-align-self: center;
    -ms-flex-item-align: center;
    align-self: center;
    -webkit-flex-direction: row;
    -ms-flex-direction: row;
    flex-direction: row;
    padding-right: 24px;
    padding-left: 24px;
    width: 100%;
    max-width: 982px;
  }
}

@media (min-width: 992px) {
  .emotion-5 {
    display: grid;
    grid-auto-rows: auto;
    -webkit-align-self: center;
    -ms-flex-item-align: center;
    align-self: center;
    width: 100%;
    max-width: 1104px;
  }
}

@media (min-width: 992px) {
  .emotion-5 {
    grid-template-columns: 1fr 1fr 1fr 1fr;
  }
}

@media (min-width: 576px) and (max-width: 992px) {
  .emotion-5 {
    grid-template-columns: 1fr 1fr 1fr 1fr;
  }
}

.emotion-6 {
  box-sizing: border-box;
  display: -webkit-box;
  display: -webkit-flex;
  display: -ms-flexbox;
  display: flex;
  -webkit-flex-direction: column;
  -ms-flex-direction: column;
  flex-direction: column;
  grid-column: span 1;
}

@media (min-width: 576px) and (max-width: 992px) {
  .emotion-6 {
    grid-column: span 1;
  }
}

.emotion-7 {
  font-weight: normal;
  margin: 0;
  margin-block-start: 0;
  margin-block-end: 0;
  font-family: Jost,futura-pt,futura,sans-serif;
  font-size: 24px;
  line-height: 28;
  font-weight: 400;
  text-rendering: geometricPrecision;
  color: #111214;
  line-height: 28px;
}

.emotion-8 {
  box-sizing: border-box;
  display: -webkit-box;
  display: -webkit-flex;
  display: -ms-flexbox;
  display: flex;
  -webkit-flex-direction: column;
  -ms-flex-direction: column;
  flex-direction: column;
  grid-column: span 3;
}

@media (min-width: 576px) and (max-width: 992px) {
  .emotion-8 {
    grid-column: span 3;
  }
}

.emotion-9 {
  font-family: EB Garamond,eb-garamond,Garamond,serif;
  font-size: 20px;
  line-height: 28;
  text-rendering: geometricPrecision;
  color: #111214;
  line-height: 28px;
}

.emotion-10 {
  margin-bottom: 20px;
}

.emotion-11 {
  font-family: EB Garamond,eb-garamond,Garamond,serif;
  font-size: 20px;
  line-height: 28;
  text-rendering: geometricPrecision;
  color: #111214;
  line-height: 28px;
}

.emotion-12 {
  font-style: italic;
}

.emotion-14 {
  -webkit-box-pack: center;
  -ms-flex-pack: center;
  -webkit-justify-content: center;
  justify-content: center;
  -webkit-box-flex: 0;
  -webkit-flex-grow: 0;
  -ms-flex-positive: 0;
  flex-grow: 0;
  width: -webkit-fit-content;
  width: -moz-fit-content;
  width: fit-content;
  opacity: 1;
  background-color: transparent;
  border-color: transparent;
  outline-color: transparent;
  -webkit-flex-direction: row;
  -ms-flex-direction: row;
  flex-direction: row;
  -webkit-box-pack: center;
  -ms-flex-pack: center;
  -webkit-justify-content: center;
  justify-content: center;
}

.emotion-15 {
  font-family: Jost,futura-pt,futura,sans-serif;
  font-size: 16px;
  line-height: 16;
  text-align: center;
  text-rendering: geometricPrecision;
  color: #111214;
  cursor: pointer;
  font-weight: 500;
  line-height: 16px;
  -webkit-text-decoration: none;
  text-decoration: none;
  display: -webkit-inline-box;
  display: -webkit-inline-flex;
  display: -ms-inline-flexbox;
  display: inline-flex;
  -webkit-align-items: center;
  -webkit-box-align: center;
  -ms-flex-align: center;
  align-items: center;
  color: #35D07F;
  font-size: 16px;
  font-weight: 500;
  margin-top: 10px;
  margin-right: 30px;
}

.emotion-15:hover {
  color: #4CDD91;
}

.emotion-15:active {
  color: #0FB972;
}

.emotion-16 {
  padding-top: 0.15em;
  padding-left: 0.4em;
}

<div
  className="emotion-0"
>
  <section
    className="emotion-1"
  >
    <div
      className="emotion-2"
    >
      <h1
        className="emotion-3"
      >
        Security Audits & Analyses
      </h1>
    </div>
  </section>
  <section
    className="emotion-1"
  >
    <div
      className="emotion-5"
    >
      <div
        className="emotion-6"
      >
        <h3
          className="emotion-7"
        >
          Contracts
        </h3>
      </div>
      <div
        className="emotion-8"
      >
        <p
          className="emotion-9"
        />
        <div
          className="emotion-10"
        >
          <p
            className="emotion-11"
          >
            Smart Contract Audit
             by 
            <em
              className="emotion-12"
            >
              OpenZeppelin
            </em>
          </p>
          <div
            className="emotion-13"
          >
            <span
              className="emotion-14"
            >
              <a
                className="emotion-15"
                href="https://blog.openzeppelin.com/celo-contracts-audit"
                onClick={[Function]}
                onMouseEnter={[Function]}
                rel="noopener"
                target="_blank"
              >
                Read
                <span
                  className="emotion-16"
                >
                  <svg
                    className="emotion-17"
                    fill="none"
                    height="0.75em"
                    transform="rotate(0)"
                    viewBox="0 0 8 12"
                    width="0.75em"
                  >
                    <path
                      clipRule="evenodd"
                      d="M1.19997 0L1.13249e-05 1.19996L4.80011 6.00006L0 10.8002L1.19996 12.0001L7.19977 6.00032L7.19953 6.00007L7.19979 5.99981L1.19997 0Z"
                      fill="#35D07F"
                      fillRule="evenodd"
                      opacity={1}
                    />
                  </svg>
                </span>
              </a>
            </span>
          </div>
        </div>
        <div
          className="emotion-10"
        >
          <p
            className="emotion-11"
          >
            Formal Verification of Celo Governance Protocols
             by 
            <em
              className="emotion-12"
            >
              Certora
            </em>
          </p>
          <div
            className="emotion-13"
          >
            <span
              className="emotion-14"
            >
              <a
                className="emotion-15"
                href="https://www.certora.com/pubs/CeloMay2020.pdf"
                onClick={[Function]}
                onMouseEnter={[Function]}
                rel="noopener"
                target="_blank"
              >
                Read
                <span
                  className="emotion-16"
                >
                  <svg
                    className="emotion-17"
                    fill="none"
                    height="0.75em"
                    transform="rotate(0)"
                    viewBox="0 0 8 12"
                    width="0.75em"
                  >
                    <path
                      clipRule="evenodd"
                      d="M1.19997 0L1.13249e-05 1.19996L4.80011 6.00006L0 10.8002L1.19996 12.0001L7.19977 6.00032L7.19953 6.00007L7.19979 5.99981L1.19997 0Z"
                      fill="#35D07F"
                      fillRule="evenodd"
                      opacity={1}
                    />
                  </svg>
                </span>
              </a>
            </span>
          </div>
        </div>
      </div>
    </div>
  </section>
  <section
    className="emotion-1"
  >
    <div
      className="emotion-5"
    >
      <div
        className="emotion-6"
      >
        <h3
          className="emotion-7"
        >
          Security
        </h3>
      </div>
      <div
        className="emotion-8"
      >
        <p
          className="emotion-9"
        />
        <div
          className="emotion-10"
        >
          <p
            className="emotion-11"
          >
            Crypto Library Audit
             by 
            <em
              className="emotion-12"
            >
              Teserakt
            </em>
          </p>
        </div>
        <div
          className="emotion-10"
        >
          <p
            className="emotion-11"
          >
            Security Audit
             by 
            <em
              className="emotion-12"
            >
              Trailofbits
            </em>
          </p>
        </div>
      </div>
    </div>
  </section>
  <section
    className="emotion-1"
  >
    <div
      className="emotion-5"
    >
      <div
        className="emotion-6"
      >
        <h3
          className="emotion-7"
        >
          Economics
        </h3>
      </div>
      <div
        className="emotion-8"
      >
        <p
          className="emotion-9"
        />
        <div
          className="emotion-10"
        >
          <p
            className="emotion-11"
          >
            Stability Protocol Analysis
             by 
            <em
              className="emotion-12"
            >
              Gauntlet
            </em>
          </p>
        </div>
        <div
          className="emotion-10"
        >
          <p
            className="emotion-11"
          >
            Economic Analysis
             by 
            <em
              className="emotion-12"
            >
              Prysm Group
            </em>
          </p>
        </div>
        <div
          className="emotion-10"
        >
          <p
            className="emotion-11"
          >
            Reserve Audit
             by 
            <em
              className="emotion-12"
            >
              NCC
            </em>
          </p>
        </div>
      </div>
    </div>
  </section>
</div>
`;
