// Jest Snapshot v1, https://goo.gl/fbAQLP

exports[`CBE renders 1`] = `
.emotion-0 {
  -webkit-align-items: center;
  -webkit-box-align: center;
  -ms-flex-align: center;
  align-items: center;
}

.emotion-1 {
  box-sizing: border-box;
  display: -webkit-box;
  display: -webkit-flex;
  display: -ms-flexbox;
  display: flex;
  -webkit-flex-direction: column;
  -ms-flex-direction: column;
  flex-direction: column;
  width: 100%;
  background-color: #1652EB;
  height: 450px;
  -webkit-align-items: center;
  -webkit-box-align: center;
  -ms-flex-align: center;
  align-items: center;
}

@media (max-width: 576px) {
  .emotion-1 {
    height: 360px;
    max-height: 50vh;
  }
}

.emotion-2 {
  max-width: 1050px;
  min-width: 600px;
  width: 100%;
  height: 100%;
}

@media (max-width: 576px) {
  .emotion-2 {
    width: 100vw;
    height: 100%;
  }
}

.emotion-3 {
  box-sizing: border-box;
  display: -webkit-box;
  display: -webkit-flex;
  display: -ms-flexbox;
  display: flex;
  -webkit-flex-direction: column;
  -ms-flex-direction: column;
  flex-direction: column;
  overflow: hidden;
  -webkit-align-items: center;
  -webkit-box-align: center;
  -ms-flex-align: center;
  align-items: center;
  -webkit-align-self: center;
  -ms-flex-item-align: center;
  align-self: center;
  width: 100%;
  background-color: #FBF6F1;
}

.emotion-4 {
  box-sizing: border-box;
  display: -webkit-box;
  display: -webkit-flex;
  display: -ms-flexbox;
  display: flex;
  -webkit-flex-direction: column;
  -ms-flex-direction: column;
  flex-direction: column;
  -webkit-align-self: center;
  -ms-flex-item-align: center;
  align-self: center;
  -webkit-flex-direction: column;
  -ms-flex-direction: column;
  flex-direction: column;
  padding-left: 12px;
  padding-right: 12px;
  width: 100%;
  max-width: 100vw;
  overflow: hidden;
  -webkit-box-flex-wrap: wrap;
  -webkit-flex-wrap: wrap;
  -ms-flex-wrap: wrap;
  flex-wrap: wrap;
  -webkit-column-gap: 24px;
  column-gap: 24px;
  -webkit-box-pack: center;
  -ms-flex-pack: center;
  -webkit-justify-content: center;
  justify-content: center;
  -webkit-align-items: center;
  -webkit-box-align: center;
  -ms-flex-align: center;
  align-items: center;
}

@media (min-width: 576px) and (max-width: 992px) {
  .emotion-4 {
    display: grid;
    grid-auto-rows: auto;
    -webkit-align-self: center;
    -ms-flex-item-align: center;
    align-self: center;
    -webkit-flex-direction: row;
    -ms-flex-direction: row;
    flex-direction: row;
    padding-right: 24px;
    padding-left: 24px;
    width: 100%;
    max-width: 982px;
  }
}

@media (min-width: 992px) {
  .emotion-4 {
    display: grid;
    grid-auto-rows: auto;
    -webkit-align-self: center;
    -ms-flex-item-align: center;
    align-self: center;
    width: 100%;
    max-width: 1104px;
  }
}

@media (min-width: 992px) {
  .emotion-4 {
    grid-template-columns: 1fr;
  }
}

@media (min-width: 576px) and (max-width: 992px) {
  .emotion-4 {
    grid-template-columns: 1fr;
  }
}

@media (min-width: 992px) {
  .emotion-4 {
    margin-top: 60px;
  }
}

@media (min-width: 576px) and (max-width: 992px) {
  .emotion-4 {
    margin-top: 40px;
  }
}

@media (max-width: 576px) {
  .emotion-4 {
    margin-top: 20px;
  }
}

.emotion-5 {
  font-weight: 200;
  margin: 0;
  margin-block-start: 0;
  margin-block-end: 0;
  font-family: Inter,sans-serif;
  font-size: 28px;
  line-height: 36;
  text-rendering: geometricPrecision;
  color: #111214;
  line-height: 36px;
}

@media (min-width: 576px) {
  .emotion-5 {
    text-align: center;
    margin-bottom: 20px;
  }
}

.emotion-6 {
  font-family: GT-Alpina,serif;
  font-size: 48px;
  line-height: 56;
  text-rendering: geometricPrecision;
  color: #111214;
  font-weight: 200;
  margin: 0;
  margin-block-start: 0;
  margin-block-end: 0;
  line-height: 56px;
}

@media (max-width: 576px) {
  .emotion-6 {
    margin-top: 5px;
  }
}

@media (min-width: 576px) {
  .emotion-6 {
    text-align: center;
    margin-bottom: 20px;
  }
}

.emotion-8 {
  box-sizing: border-box;
  display: -webkit-box;
  display: -webkit-flex;
  display: -ms-flexbox;
  display: flex;
  -webkit-flex-direction: column;
  -ms-flex-direction: column;
  flex-direction: column;
  -webkit-align-self: center;
  -ms-flex-item-align: center;
  align-self: center;
  -webkit-flex-direction: column;
  -ms-flex-direction: column;
  flex-direction: column;
  padding-left: 12px;
  padding-right: 12px;
  width: 100%;
  max-width: 100vw;
  overflow: hidden;
  -webkit-box-flex-wrap: wrap;
  -webkit-flex-wrap: wrap;
  -ms-flex-wrap: wrap;
  flex-wrap: wrap;
  -webkit-column-gap: 24px;
  column-gap: 24px;
}

@media (min-width: 576px) and (max-width: 992px) {
  .emotion-8 {
    display: grid;
    grid-auto-rows: auto;
    -webkit-align-self: center;
    -ms-flex-item-align: center;
    align-self: center;
    -webkit-flex-direction: row;
    -ms-flex-direction: row;
    flex-direction: row;
    padding-right: 24px;
    padding-left: 24px;
    width: 100%;
    max-width: 982px;
  }
}

@media (min-width: 992px) {
  .emotion-8 {
    display: grid;
    grid-auto-rows: auto;
    -webkit-align-self: center;
    -ms-flex-item-align: center;
    align-self: center;
    width: 100%;
    max-width: 1104px;
  }
}

@media (min-width: 992px) {
  .emotion-8 {
    grid-template-columns: 1fr 1fr 1fr;
  }
}

@media (min-width: 576px) and (max-width: 992px) {
  .emotion-8 {
    grid-template-columns: 1fr 1fr 1fr;
  }
}

@media (min-width: 992px) {
  .emotion-8 {
    margin-top: 60px;
    margin-bottom: 60px;
  }
}

@media (min-width: 576px) and (max-width: 992px) {
  .emotion-8 {
    margin-bottom: 40px;
  }
}

@media (max-width: 576px) {
  .emotion-8 {
    margin-bottom: 30px;
  }
}

.emotion-9 {
  box-sizing: border-box;
  display: -webkit-box;
  display: -webkit-flex;
  display: -ms-flexbox;
  display: flex;
  -webkit-flex-direction: column;
  -ms-flex-direction: column;
  flex-direction: column;
  grid-column: span 1;
  -webkit-box-pack: justify;
  -webkit-justify-content: space-between;
  justify-content: space-between;
}

@media (min-width: 576px) and (max-width: 992px) {
  .emotion-9 {
    grid-column: span 1;
  }
}

@media (max-width: 576px) {
  .emotion-9 {
    margin-bottom: 20px;
  }
}

.emotion-10 {
  width: 100px;
  height: 100px;
}

.emotion-12 {
  font-weight: 200;
  margin: 0;
  margin-block-start: 0;
  margin-block-end: 0;
  font-family: GT-Alpina,serif;
  font-size: 24px;
  line-height: 28;
  text-rendering: geometricPrecision;
  color: #111214;
  line-height: 28px;
  margin-top: 20px;
  margin-bottom: 20px;
}

.emotion-13 {
  font-family: Inter,sans-serif;
  font-size: 20px;
  line-height: 28;
  text-rendering: geometricPrecision;
  color: #111214;
  line-height: 28px;
}

.emotion-14 {
  box-sizing: border-box;
  display: -webkit-box;
  display: -webkit-flex;
  display: -ms-flexbox;
  display: flex;
  -webkit-flex-direction: column;
  -ms-flex-direction: column;
  flex-direction: column;
  font-family: Inter,sans-serif;
}

.emotion-15 {
  -webkit-box-pack: center;
  -ms-flex-pack: center;
  -webkit-justify-content: center;
  justify-content: center;
  -webkit-box-flex: 0;
  -webkit-flex-grow: 0;
  -ms-flex-positive: 0;
  flex-grow: 0;
  width: -webkit-fit-content;
  width: -moz-fit-content;
  width: fit-content;
  opacity: 1;
  background-color: transparent;
  border-color: transparent;
  outline-color: transparent;
  -webkit-flex-direction: row;
  -ms-flex-direction: row;
  flex-direction: row;
  -webkit-box-pack: center;
  -ms-flex-pack: center;
  -webkit-justify-content: center;
  justify-content: center;
}

.emotion-16 {
  font-family: Inter,sans-serif;
  font-size: 16px;
  line-height: 16;
  text-align: center;
  text-rendering: geometricPrecision;
  color: #111214;
  cursor: pointer;
  font-weight: 700;
  line-height: 16px;
  -webkit-text-decoration: none;
  text-decoration: none;
  display: -webkit-inline-box;
  display: -webkit-inline-flex;
  display: -ms-inline-flexbox;
  display: inline-flex;
  -webkit-align-items: center;
  -webkit-box-align: center;
  -ms-flex-align: center;
  align-items: center;
  color: #000;
  font-size: 16px;
  font-weight: 700;
  margin-top: 20px;
}

.emotion-17 {
  margin-left: 8px;
  background-color: #000;
  padding: 9.5px 9.5px 9.5px 13.5px;
  border-radius: 60px;
}

.emotion-17:hover {
  background-color: #FCFF52;
}

.emotion-17:active {
  background-color: #000;
}

@media (max-width: 576px) {
  .emotion-17 {
    padding: 11px 15px;
  }
}

.emotion-28 {
  width: 100px;
  height: 100px;
  height: 70px;
  width: 70px;
}

@media (min-width: 992px) {
  .emotion-28 {
    margin-top: 30px;
    height: 70px;
    width: 70px;
  }
}

.emotion-37 {
  box-sizing: border-box;
  display: -webkit-box;
  display: -webkit-flex;
  display: -ms-flexbox;
  display: flex;
  -webkit-flex-direction: column;
  -ms-flex-direction: column;
  flex-direction: column;
  -webkit-align-self: center;
  -ms-flex-item-align: center;
  align-self: center;
  -webkit-flex-direction: column;
  -ms-flex-direction: column;
  flex-direction: column;
  padding-left: 12px;
  padding-right: 12px;
  width: 100%;
  max-width: 100vw;
  overflow: hidden;
  -webkit-box-flex-wrap: wrap;
  -webkit-flex-wrap: wrap;
  -ms-flex-wrap: wrap;
  flex-wrap: wrap;
  -webkit-column-gap: 24px;
  column-gap: 24px;
  margin-bottom: 20px;
}

@media (min-width: 576px) and (max-width: 992px) {
  .emotion-37 {
    display: grid;
    grid-auto-rows: auto;
    -webkit-align-self: center;
    -ms-flex-item-align: center;
    align-self: center;
    -webkit-flex-direction: row;
    -ms-flex-direction: row;
    flex-direction: row;
    padding-right: 24px;
    padding-left: 24px;
    width: 100%;
    max-width: 982px;
  }
}

@media (min-width: 992px) {
  .emotion-37 {
    display: grid;
    grid-auto-rows: auto;
    -webkit-align-self: center;
    -ms-flex-item-align: center;
    align-self: center;
    width: 100%;
    max-width: 1104px;
  }
}

@media (min-width: 992px) {
  .emotion-37 {
    grid-template-columns: 1fr;
  }
}

@media (min-width: 576px) and (max-width: 992px) {
  .emotion-37 {
    grid-template-columns: 1fr;
  }
}

.emotion-38 {
  box-sizing: border-box;
  display: -webkit-box;
  display: -webkit-flex;
  display: -ms-flexbox;
  display: flex;
  -webkit-flex-direction: column;
  -ms-flex-direction: column;
  flex-direction: column;
  grid-column: span 1;
  -webkit-box-pack: center;
  -ms-flex-pack: center;
  -webkit-justify-content: center;
  justify-content: center;
  -webkit-align-items: center;
  -webkit-box-align: center;
  -ms-flex-align: center;
  align-items: center;
}

@media (min-width: 576px) and (max-width: 992px) {
  .emotion-38 {
    grid-column: span 1;
  }
}

.emotion-39 {
  width: 239px;
  height: 77px;
}

.emotion-41 {
  font-weight: 200;
  margin: 0;
  margin-block-start: 0;
  margin-block-end: 0;
  font-family: Inter,sans-serif;
  font-size: 28px;
  line-height: 36;
  text-rendering: geometricPrecision;
  color: #111214;
  line-height: 36px;
}

.emotion-43 {
  box-sizing: border-box;
  display: -webkit-box;
  display: -webkit-flex;
  display: -ms-flexbox;
  display: flex;
  -webkit-flex-direction: column;
  -ms-flex-direction: column;
  flex-direction: column;
  -webkit-align-self: center;
  -ms-flex-item-align: center;
  align-self: center;
  -webkit-flex-direction: column;
  -ms-flex-direction: column;
  flex-direction: column;
  padding-left: 12px;
  padding-right: 12px;
  width: 100%;
  max-width: 100vw;
  overflow: hidden;
  -webkit-box-flex-wrap: wrap;
  -webkit-flex-wrap: wrap;
  -ms-flex-wrap: wrap;
  flex-wrap: wrap;
  -webkit-column-gap: 24px;
  column-gap: 24px;
}

@media (min-width: 576px) and (max-width: 992px) {
  .emotion-43 {
    display: grid;
    grid-auto-rows: auto;
    -webkit-align-self: center;
    -ms-flex-item-align: center;
    align-self: center;
    -webkit-flex-direction: row;
    -ms-flex-direction: row;
    flex-direction: row;
    padding-right: 24px;
    padding-left: 24px;
    width: 100%;
    max-width: 982px;
  }
}

@media (min-width: 992px) {
  .emotion-43 {
    display: grid;
    grid-auto-rows: auto;
    -webkit-align-self: center;
    -ms-flex-item-align: center;
    align-self: center;
    width: 100%;
    max-width: 1104px;
  }
}

@media (min-width: 992px) {
  .emotion-43 {
    grid-template-columns: 1fr 1fr 1fr;
  }
}

@media (min-width: 576px) and (max-width: 992px) {
  .emotion-43 {
    grid-template-columns: 1fr 1fr 1fr;
  }
}

.emotion-44 {
  box-sizing: border-box;
  display: -webkit-box;
  display: -webkit-flex;
  display: -ms-flexbox;
  display: flex;
  -webkit-flex-direction: column;
  -ms-flex-direction: column;
  flex-direction: column;
  grid-column: span 1;
}

@media (min-width: 576px) and (max-width: 992px) {
  .emotion-44 {
    grid-column: span 1;
  }
}

.emotion-46 {
  width: 100%;
  height: 100%;
}

.emotion-47 {
  font-weight: 200;
  margin: 0;
  margin-block-start: 0;
  margin-block-end: 0;
  font-family: GT-Alpina,serif;
  font-size: 16px;
  line-height: 18;
  font-weight: 500;
  text-rendering: geometricPrecision;
  color: #111214;
  line-height: 18px;
}

.emotion-48 {
  font-weight: 200;
  margin: 0;
  margin-block-start: 0;
  margin-block-end: 0;
  font-family: GT-Alpina,serif;
  font-size: 16px;
  line-height: 18;
  font-weight: 500;
  text-rendering: geometricPrecision;
  color: #111214;
  line-height: 18px;
  color: #ABADAF;
  margin-top: 2px;
}

<div
  className="emotion-0"
>
  <div
    className="emotion-1"
  >
    <img
      className="emotion-2"
      src="/image.png"
    />
  </div>
  <section
    className="emotion-3"
  >
    <div
      className="emotion-4"
    >
      <h4
        className="emotion-5"
      >
        Empowering 6B mobile phone users worldwide with
      </h4>
      <h1
        className="emotion-6"
      >
        Mobile-first financial solutions
      </h1>
    </div>
  </section>
  <section
    className="emotion-3"
  >
    <div
      className="emotion-8"
    >
      <div
        className="emotion-9"
      >
        <div>
          <span
            style={
              Object {
                "background": "none",
                "border": 0,
                "boxSizing": "border-box",
                "display": "inline-block",
                "height": "initial",
                "margin": 0,
                "maxWidth": "100%",
                "opacity": 1,
                "overflow": "hidden",
                "padding": 0,
                "position": "relative",
                "width": "initial",
              }
            }
          >
            <span
              style={
                Object {
                  "background": "none",
                  "border": 0,
                  "boxSizing": "border-box",
                  "display": "block",
                  "height": "initial",
                  "margin": 0,
                  "maxWidth": "100%",
                  "opacity": 1,
                  "padding": 0,
                  "width": "initial",
                }
              }
            >
              <img
                alt=""
                aria-hidden={true}
                src="data:image/svg+xml,%3csvg xmlns=%27http://www.w3.org/2000/svg%27 version=%271.1%27 width=%27100%27 height=%27100%27/%3e"
                style={
                  Object {
                    "background": "none",
                    "border": 0,
                    "display": "block",
                    "height": "initial",
                    "margin": 0,
                    "maxWidth": "100%",
                    "opacity": 1,
                    "padding": 0,
                    "width": "initial",
                  }
                }
              />
            </span>
            <img
              className="emotion-10"
              data-nimg="intrinsic"
              decoding="async"
              src="data:image/gif;base64,R0lGODlhAQABAIAAAAAAAP///yH5BAEAAAAALAAAAAABAAEAAAIBRAA7"
              style={
                Object {
                  "border": "none",
                  "bottom": 0,
                  "boxSizing": "border-box",
                  "display": "block",
                  "height": 0,
                  "left": 0,
                  "margin": "auto",
                  "maxHeight": "100%",
                  "maxWidth": "100%",
                  "minHeight": "100%",
                  "minWidth": "100%",
                  "objectFit": undefined,
                  "objectPosition": undefined,
                  "padding": 0,
                  "position": "absolute",
                  "right": 0,
                  "top": 0,
                  "width": 0,
                }
              }
            />
            <noscript>
              <img
                className="emotion-10"
                data-nimg="intrinsic"
                decoding="async"
                loading="lazy"
                src="/_next/image?url=%2Fimage.png&w=256&q=75"
                srcSet="/_next/image?url=%2Fimage.png&w=128&q=75 1x, /_next/image?url=%2Fimage.png&w=256&q=75 2x"
                style={
                  Object {
                    "border": "none",
                    "bottom": 0,
                    "boxSizing": "border-box",
                    "display": "block",
                    "height": 0,
                    "left": 0,
                    "margin": "auto",
                    "maxHeight": "100%",
                    "maxWidth": "100%",
                    "minHeight": "100%",
                    "minWidth": "100%",
                    "objectFit": undefined,
                    "objectPosition": undefined,
                    "padding": 0,
                    "position": "absolute",
                    "right": 0,
                    "top": 0,
                    "width": 0,
                  }
                }
              />
            </noscript>
          </span>
          <h3
            className="emotion-12"
          >
            A Mobile-First Blockchain Platform
          </h3>
          <p
            className="emotion-13"
          >
            Get updates on the Celo platform: news, technology, and community.
          </p>
        </div>
        <div
          className="emotion-14"
        >
          <span
            className="emotion-15"
          >
            <a
              className="emotion-16"
              href="https://valoraapp.co/3j0mTjS"
              onClick={[Function]}
              onMouseEnter={[Function]}
              rel="noopener"
              target="_blank"
            >
              Sign up
              <span
                className="emotion-17"
                onMouseDown={[Function]}
                onMouseEnter={[Function]}
                onMouseLeave={[Function]}
              >
                <svg
                  fill="none"
                  height="0.75em"
                  style={
                    Object {
                      "transform": "rotate(0deg)",
                    }
                  }
                  viewBox="0 0 8 12"
                  width="0.75em"
                >
                  <path
                    clipRule="evenodd"
                    d="M1.19997 0L1.13249e-05 1.19996L4.80011 6.00006L0 10.8002L1.19996 12.0001L7.19977 6.00032L7.19953 6.00007L7.19979 5.99981L1.19997 0Z"
                    fill="#FFFFFF"
                    fillRule="evenodd"
                    opacity={1}
                  />
                </svg>
              </span>
            </a>
          </span>
        </div>
      </div>
      <div
        className="emotion-9"
      >
        <div>
          <span
            style={
              Object {
                "background": "none",
                "border": 0,
                "boxSizing": "border-box",
                "display": "inline-block",
                "height": "initial",
                "margin": 0,
                "maxWidth": "100%",
                "opacity": 1,
                "overflow": "hidden",
                "padding": 0,
                "position": "relative",
                "width": "initial",
              }
            }
          >
            <span
              style={
                Object {
                  "background": "none",
                  "border": 0,
                  "boxSizing": "border-box",
                  "display": "block",
                  "height": "initial",
                  "margin": 0,
                  "maxWidth": "100%",
                  "opacity": 1,
                  "padding": 0,
                  "width": "initial",
                }
              }
            >
              <img
                alt=""
                aria-hidden={true}
                src="data:image/svg+xml,%3csvg xmlns=%27http://www.w3.org/2000/svg%27 version=%271.1%27 width=%27100%27 height=%27100%27/%3e"
                style={
                  Object {
                    "background": "none",
                    "border": 0,
                    "display": "block",
                    "height": "initial",
                    "margin": 0,
                    "maxWidth": "100%",
                    "opacity": 1,
                    "padding": 0,
                    "width": "initial",
                  }
                }
              />
            </span>
            <img
              className="emotion-10"
              data-nimg="intrinsic"
              decoding="async"
              src="data:image/gif;base64,R0lGODlhAQABAIAAAAAAAP///yH5BAEAAAAALAAAAAABAAEAAAIBRAA7"
              style={
                Object {
                  "border": "none",
                  "bottom": 0,
                  "boxSizing": "border-box",
                  "display": "block",
                  "height": 0,
                  "left": 0,
                  "margin": "auto",
                  "maxHeight": "100%",
                  "maxWidth": "100%",
                  "minHeight": "100%",
                  "minWidth": "100%",
                  "objectFit": undefined,
                  "objectPosition": undefined,
                  "padding": 0,
                  "position": "absolute",
                  "right": 0,
                  "top": 0,
                  "width": 0,
                }
              }
            />
            <noscript>
              <img
                className="emotion-10"
                data-nimg="intrinsic"
                decoding="async"
                loading="lazy"
                src="/_next/image?url=%2Fimage.png&w=256&q=75"
                srcSet="/_next/image?url=%2Fimage.png&w=128&q=75 1x, /_next/image?url=%2Fimage.png&w=256&q=75 2x"
                style={
                  Object {
                    "border": "none",
                    "bottom": 0,
                    "boxSizing": "border-box",
                    "display": "block",
                    "height": 0,
                    "left": 0,
                    "margin": "auto",
                    "maxHeight": "100%",
                    "maxWidth": "100%",
                    "minHeight": "100%",
                    "minWidth": "100%",
                    "objectFit": undefined,
                    "objectPosition": undefined,
                    "padding": 0,
                    "position": "absolute",
                    "right": 0,
                    "top": 0,
                    "width": 0,
                  }
                }
              />
            </noscript>
          </span>
          <h3
            className="emotion-12"
          >
            Join the Celo community
          </h3>
          <p
            className="emotion-13"
          >
            Join the live conversation and be a part of shaping the direction of the platform.
          </p>
        </div>
        <div
          className="emotion-14"
        >
          <span
            className="emotion-15"
          >
            <a
              className="emotion-16"
              href="https://valoraapp.co/3l5XLtC"
              onClick={[Function]}
              onMouseEnter={[Function]}
              rel="noopener"
              target="_blank"
            >
              Connect
              <span
                className="emotion-17"
                onMouseDown={[Function]}
                onMouseEnter={[Function]}
                onMouseLeave={[Function]}
              >
                <svg
                  fill="none"
                  height="0.75em"
                  style={
                    Object {
                      "transform": "rotate(0deg)",
                    }
                  }
                  viewBox="0 0 8 12"
                  width="0.75em"
                >
                  <path
                    clipRule="evenodd"
                    d="M1.19997 0L1.13249e-05 1.19996L4.80011 6.00006L0 10.8002L1.19996 12.0001L7.19977 6.00032L7.19953 6.00007L7.19979 5.99981L1.19997 0Z"
                    fill="#FFFFFF"
                    fillRule="evenodd"
                    opacity={1}
                  />
                </svg>
              </span>
            </a>
          </span>
        </div>
      </div>
      <div
        className="emotion-9"
      >
        <div>
          <span
            style={
              Object {
                "background": "none",
                "border": 0,
                "boxSizing": "border-box",
                "display": "inline-block",
                "height": "initial",
                "margin": 0,
                "maxWidth": "100%",
                "opacity": 1,
                "overflow": "hidden",
                "padding": 0,
                "position": "relative",
                "width": "initial",
              }
            }
          >
            <span
              style={
                Object {
                  "background": "none",
                  "border": 0,
                  "boxSizing": "border-box",
                  "display": "block",
                  "height": "initial",
                  "margin": 0,
                  "maxWidth": "100%",
                  "opacity": 1,
                  "padding": 0,
                  "width": "initial",
                }
              }
            >
              <img
                alt=""
                aria-hidden={true}
                src="data:image/svg+xml,%3csvg xmlns=%27http://www.w3.org/2000/svg%27 version=%271.1%27 width=%27100%27 height=%27100%27/%3e"
                style={
                  Object {
                    "background": "none",
                    "border": 0,
                    "display": "block",
                    "height": "initial",
                    "margin": 0,
                    "maxWidth": "100%",
                    "opacity": 1,
                    "padding": 0,
                    "width": "initial",
                  }
                }
              />
            </span>
            <img
              className="emotion-28"
              data-nimg="intrinsic"
              decoding="async"
              src="data:image/gif;base64,R0lGODlhAQABAIAAAAAAAP///yH5BAEAAAAALAAAAAABAAEAAAIBRAA7"
              style={
                Object {
                  "border": "none",
                  "bottom": 0,
                  "boxSizing": "border-box",
                  "display": "block",
                  "height": 0,
                  "left": 0,
                  "margin": "auto",
                  "maxHeight": "100%",
                  "maxWidth": "100%",
                  "minHeight": "100%",
                  "minWidth": "100%",
                  "objectFit": undefined,
                  "objectPosition": undefined,
                  "padding": 0,
                  "position": "absolute",
                  "right": 0,
                  "top": 0,
                  "width": 0,
                }
              }
            />
            <noscript>
              <img
                className="emotion-28"
                data-nimg="intrinsic"
                decoding="async"
                loading="lazy"
                src="/_next/image?url=%2Fimage.png&w=256&q=75"
                srcSet="/_next/image?url=%2Fimage.png&w=128&q=75 1x, /_next/image?url=%2Fimage.png&w=256&q=75 2x"
                style={
                  Object {
                    "border": "none",
                    "bottom": 0,
                    "boxSizing": "border-box",
                    "display": "block",
                    "height": 0,
                    "left": 0,
                    "margin": "auto",
                    "maxHeight": "100%",
                    "maxWidth": "100%",
                    "minHeight": "100%",
                    "minWidth": "100%",
                    "objectFit": undefined,
                    "objectPosition": undefined,
                    "padding": 0,
                    "position": "absolute",
                    "right": 0,
                    "top": 0,
                    "width": 0,
                  }
                }
              />
            </noscript>
          </span>
          <h3
            className="emotion-12"
          >
            Send, receive, store cUSD
          </h3>
          <p
            className="emotion-13"
          >
            Start sending and sharing value easily around the world with Valora.
          </p>
        </div>
        <div
          className="emotion-14"
        >
          <span
            className="emotion-15"
          >
            <a
              className="emotion-16"
              href="https://valoraapp.com"
              onClick={[Function]}
              onMouseEnter={[Function]}
              rel="noopener"
              target="_blank"
            >
              Get Valora
              <span
                className="emotion-17"
                onMouseDown={[Function]}
                onMouseEnter={[Function]}
                onMouseLeave={[Function]}
              >
                <svg
                  fill="none"
                  height="0.75em"
                  style={
                    Object {
                      "transform": "rotate(0deg)",
                    }
                  }
                  viewBox="0 0 8 12"
                  width="0.75em"
                >
                  <path
                    clipRule="evenodd"
                    d="M1.19997 0L1.13249e-05 1.19996L4.80011 6.00006L0 10.8002L1.19996 12.0001L7.19977 6.00032L7.19953 6.00007L7.19979 5.99981L1.19997 0Z"
                    fill="#FFFFFF"
                    fillRule="evenodd"
                    opacity={1}
                  />
                </svg>
              </span>
            </a>
          </span>
        </div>
      </div>
    </div>
  </section>
  <section
    className="emotion-3"
  >
    <div
      className="emotion-37"
    >
      <div
        className="emotion-38"
      >
        <span
          style={
            Object {
              "background": "none",
              "border": 0,
              "boxSizing": "border-box",
              "display": "inline-block",
              "height": "initial",
              "margin": 0,
              "maxWidth": "100%",
              "opacity": 1,
              "overflow": "hidden",
              "padding": 0,
              "position": "relative",
              "width": "initial",
            }
          }
        >
          <span
            style={
              Object {
                "background": "none",
                "border": 0,
                "boxSizing": "border-box",
                "display": "block",
                "height": "initial",
                "margin": 0,
                "maxWidth": "100%",
                "opacity": 1,
                "padding": 0,
                "width": "initial",
              }
            }
          >
            <img
              alt=""
              aria-hidden={true}
              src="data:image/svg+xml,%3csvg xmlns=%27http://www.w3.org/2000/svg%27 version=%271.1%27 width=%27239%27 height=%2777%27/%3e"
              style={
                Object {
                  "background": "none",
                  "border": 0,
                  "display": "block",
                  "height": "initial",
                  "margin": 0,
                  "maxWidth": "100%",
                  "opacity": 1,
                  "padding": 0,
                  "width": "initial",
                }
              }
            />
          </span>
          <img
            className="emotion-39"
            data-nimg="intrinsic"
            decoding="async"
            src="data:image/gif;base64,R0lGODlhAQABAIAAAAAAAP///yH5BAEAAAAALAAAAAABAAEAAAIBRAA7"
            style={
              Object {
                "border": "none",
                "bottom": 0,
                "boxSizing": "border-box",
                "display": "block",
                "height": 0,
                "left": 0,
                "margin": "auto",
                "maxHeight": "100%",
                "maxWidth": "100%",
                "minHeight": "100%",
                "minWidth": "100%",
                "objectFit": undefined,
                "objectPosition": undefined,
                "padding": 0,
                "position": "absolute",
                "right": 0,
                "top": 0,
                "width": 0,
              }
            }
          />
          <noscript>
            <img
              className="emotion-39"
              data-nimg="intrinsic"
              decoding="async"
              loading="lazy"
              src="/_next/image?url=%2Fimage.png&w=640&q=75"
              srcSet="/_next/image?url=%2Fimage.png&w=256&q=75 1x, /_next/image?url=%2Fimage.png&w=640&q=75 2x"
              style={
                Object {
                  "border": "none",
                  "bottom": 0,
                  "boxSizing": "border-box",
                  "display": "block",
                  "height": 0,
                  "left": 0,
                  "margin": "auto",
                  "maxHeight": "100%",
                  "maxWidth": "100%",
                  "minHeight": "100%",
                  "minWidth": "100%",
                  "objectFit": undefined,
                  "objectPosition": undefined,
                  "padding": 0,
                  "position": "absolute",
                  "right": 0,
                  "top": 0,
                  "width": 0,
                }
              }
            />
          </noscript>
        </span>
        <h4
          className="emotion-41"
        >
          Celo Lessons on Coinbase Earn
        </h4>
      </div>
    </div>
  </section>
  <section
    className="emotion-3"
  >
    <div
      className="emotion-43"
    >
      <div
        className="emotion-44"
      >
        <a
          href="https://coinbase.com/earn/celo/lesson/1"
          rel="noreferrer"
          target="_blank"
        >
          <div
            className="emotion-45"
            style={
              Object {
                "display": "block",
                "marginBottom": "15px",
                "overflowX": "hidden",
                "overflowY": "hidden",
              }
            }
          >
            <div
              style={
                Object {
                  "display": "block",
                  "paddingBottom": "56.045751633986924%",
                  "width": "100%",
                }
              }
            />
            <div
              style={
                Object {
                  "bottom": "0px",
                  "height": "100%",
                  "left": "0px",
                  "position": "absolute",
                  "top": "0px",
                  "width": "100%",
                }
              }
            >
              <img
                className="emotion-46"
                src="/image.png"
              />
            </div>
          </div>
        </a>
        <a
          className="emotion-47"
          href="https://coinbase.com/earn/celo/lesson/1"
          rel="noopenner noreferrer"
          target="_blank"
        >
          Lesson 1: What is the Celo Platform?
        </a>
        <h6
          className="emotion-48"
        >
          3 minutes
        </h6>
      </div>
      <div
        className="emotion-44"
      >
        <a
          href="https://coinbase.com/earn/celo/lesson/2"
          rel="noreferrer"
          target="_blank"
        >
          <div
            className="emotion-45"
            style={
              Object {
                "display": "block",
                "marginBottom": "15px",
                "overflowX": "hidden",
                "overflowY": "hidden",
              }
            }
          >
            <div
              style={
                Object {
                  "display": "block",
                  "paddingBottom": "56.045751633986924%",
                  "width": "100%",
                }
              }
            />
            <div
              style={
                Object {
                  "bottom": "0px",
                  "height": "100%",
                  "left": "0px",
                  "position": "absolute",
                  "top": "0px",
                  "width": "100%",
                }
              }
            >
              <img
                className="emotion-46"
                src="/image.png"
              />
            </div>
          </div>
        </a>
        <a
          className="emotion-47"
          href="https://coinbase.com/earn/celo/lesson/2"
          rel="noopenner noreferrer"
          target="_blank"
        >
          Lesson 2: What is CELO?
        </a>
        <h6
          className="emotion-48"
        >
          2 minutes
        </h6>
      </div>
      <div
        className="emotion-44"
      >
        <a
          href="https://coinbase.com/earn/celo/lesson/3"
          rel="noreferrer"
          target="_blank"
        >
          <div
            className="emotion-45"
            style={
              Object {
                "display": "block",
                "marginBottom": "15px",
                "overflowX": "hidden",
                "overflowY": "hidden",
              }
            }
          >
            <div
              style={
                Object {
                  "display": "block",
                  "paddingBottom": "56.045751633986924%",
                  "width": "100%",
                }
              }
            />
            <div
              style={
                Object {
                  "bottom": "0px",
                  "height": "100%",
                  "left": "0px",
                  "position": "absolute",
                  "top": "0px",
                  "width": "100%",
                }
              }
            >
              <img
                className="emotion-46"
                src="/image.png"
              />
            </div>
          </div>
        </a>
        <a
          className="emotion-47"
          href="https://coinbase.com/earn/celo/lesson/3"
          rel="noopenner noreferrer"
          target="_blank"
        >
          Lesson 3: What can Celo Dollars do?
        </a>
        <h6
          className="emotion-48"
        >
          3 minutes
        </h6>
      </div>
    </div>
  </section>
</div>
`;
