// Jest Snapshot v1, https://goo.gl/fbAQLP

exports[`HomePage renders 1`] = `
.emotion-0 {
  display: -webkit-box;
  display: -webkit-flex;
  display: -ms-flexbox;
  display: flex;
  position: relative;
  -webkit-flex-direction: column;
  -ms-flex-direction: column;
  flex-direction: column;
  overflow: hidden;
  max-width: 100vw;
}

.emotion-1 {
  box-sizing: border-box;
  display: -webkit-box;
  display: -webkit-flex;
  display: -ms-flexbox;
  display: flex;
  -webkit-flex-direction: column;
  -ms-flex-direction: column;
  flex-direction: column;
  overflow: hidden;
  -webkit-align-items: center;
  -webkit-box-align: center;
  -ms-flex-align: center;
  align-items: center;
  -webkit-align-self: center;
  -ms-flex-item-align: center;
  align-self: center;
  width: 100%;
  background-color: #FBF6F1;
}

.emotion-2 {
  box-sizing: border-box;
  display: -webkit-box;
  display: -webkit-flex;
  display: -ms-flexbox;
  display: flex;
  -webkit-flex-direction: column;
  -ms-flex-direction: column;
  flex-direction: column;
  -webkit-align-self: center;
  -ms-flex-item-align: center;
  align-self: center;
  -webkit-flex-direction: column;
  -ms-flex-direction: column;
  flex-direction: column;
  padding-left: 12px;
  padding-right: 12px;
  width: 100%;
  max-width: 100vw;
  overflow: hidden;
  -webkit-box-flex-wrap: wrap;
  -webkit-flex-wrap: wrap;
  -ms-flex-wrap: wrap;
  flex-wrap: wrap;
  -webkit-column-gap: 24px;
  column-gap: 24px;
}

@media (min-width: 576px) and (max-width: 992px) {
  .emotion-2 {
    display: grid;
    grid-auto-rows: auto;
    -webkit-align-self: center;
    -ms-flex-item-align: center;
    align-self: center;
    -webkit-flex-direction: row;
    -ms-flex-direction: row;
    flex-direction: row;
    padding-right: 24px;
    padding-left: 24px;
    width: 100%;
    max-width: 982px;
  }
}

@media (min-width: 992px) {
  .emotion-2 {
    display: grid;
    grid-auto-rows: auto;
    -webkit-align-self: center;
    -ms-flex-item-align: center;
    align-self: center;
    width: 100%;
    max-width: 1104px;
  }
}

@media (min-width: 992px) {
  .emotion-2 {
    grid-template-columns: 1fr 1fr 1fr;
  }
}

@media (min-width: 576px) and (max-width: 992px) {
  .emotion-2 {
    grid-template-columns: 1fr 1fr 1fr;
  }
}

.emotion-3 {
  box-sizing: border-box;
  display: -webkit-box;
  display: -webkit-flex;
  display: -ms-flexbox;
  display: flex;
  -webkit-flex-direction: column;
  -ms-flex-direction: column;
  flex-direction: column;
  -webkit-flex: 1;
  -ms-flex: 1;
  flex: 1;
  -webkit-box-pack: justify;
  -webkit-justify-content: space-between;
  justify-content: space-between;
  margin-bottom: 36px;
}

@media (max-width: 576px) {
  .emotion-3 {
    -webkit-align-items: center;
    -webkit-box-align: center;
    -ms-flex-align: center;
    align-items: center;
    -webkit-align-content: center;
    -ms-flex-line-pack: center;
    align-content: center;
  }
}

.emotion-4 {
  -webkit-align-items: start;
  -webkit-box-align: start;
  -ms-flex-align: start;
  align-items: start;
}

.emotion-5 {
  font-weight: 200;
  margin: 0;
  margin-block-start: 0;
  margin-block-end: 0;
  font-family: GT-Alpina,serif;
  font-size: 24px;
  line-height: 28;
  text-rendering: geometricPrecision;
  color: #111214;
  line-height: 28px;
  margin-top: 16px;
  margin-bottom: 12px;
}

.emotion-6 {
  font-family: Inter,sans-serif;
  font-size: 20px;
  line-height: 28;
  text-rendering: geometricPrecision;
  color: #111214;
  line-height: 28px;
}

<div
  className="emotion-0"
>
  <section
    className="emotion-1"
  >
    <div
      className="emotion-2"
      id="test"
    >
      <div
        className="emotion-3"
      >
        <div
          className="emotion-4"
        >
          <h4
            className="emotion-5"
          >
            Blurb romeo
          </h4>
          <p
            className="emotion-6"
          >
            Hello World
          </p>
        </div>
      </div>
      <div
        className="emotion-3"
      >
        <div
          className="emotion-4"
        >
          <h4
            className="emotion-5"
          >
            Blurb soma
          </h4>
          <p
            className="emotion-6"
          >
            Hello World
          </p>
        </div>
      </div>
      <div
        className="emotion-3"
      >
        <div
          className="emotion-4"
        >
          <h4
            className="emotion-5"
          >
            Blurb rico
          </h4>
          <p
            className="emotion-6"
          >
            Hello World
          </p>
        </div>
      </div>
    </div>
  </section>
</div>
`;
