// Jest Snapshot v1, https://goo.gl/fbAQLP

exports[`Papers renders 1`] = `
.emotion-0 {
  box-sizing: border-box;
  display: -webkit-box;
  display: -webkit-flex;
  display: -ms-flexbox;
  display: flex;
  -webkit-flex-direction: column;
  -ms-flex-direction: column;
  flex-direction: column;
  margin-top: 75px;
  padding-top: 75px;
}

.emotion-1 {
  box-sizing: border-box;
  display: -webkit-box;
  display: -webkit-flex;
  display: -ms-flexbox;
  display: flex;
  -webkit-flex-direction: column;
  -ms-flex-direction: column;
  flex-direction: column;
  overflow: hidden;
  -webkit-align-items: center;
  -webkit-box-align: center;
  -ms-flex-align: center;
  align-items: center;
  -webkit-align-self: center;
  -ms-flex-item-align: center;
  align-self: center;
  width: 100%;
  background-color: #FBF6F1;
}

.emotion-2 {
  box-sizing: border-box;
  display: -webkit-box;
  display: -webkit-flex;
  display: -ms-flexbox;
  display: flex;
  -webkit-flex-direction: column;
  -ms-flex-direction: column;
  flex-direction: column;
  -webkit-align-self: center;
  -ms-flex-item-align: center;
  align-self: center;
  -webkit-flex-direction: column;
  -ms-flex-direction: column;
  flex-direction: column;
  padding-left: 12px;
  padding-right: 12px;
  width: 100%;
  max-width: 100vw;
  overflow: hidden;
  -webkit-box-flex-wrap: wrap;
  -webkit-flex-wrap: wrap;
  -ms-flex-wrap: wrap;
  flex-wrap: wrap;
  -webkit-column-gap: 24px;
  column-gap: 24px;
  -webkit-box-pack: center;
  -ms-flex-pack: center;
  -webkit-justify-content: center;
  justify-content: center;
  -webkit-align-items: center;
  -webkit-box-align: center;
  -ms-flex-align: center;
  align-items: center;
}

@media (min-width: 576px) and (max-width: 992px) {
  .emotion-2 {
    display: grid;
    grid-auto-rows: auto;
    -webkit-align-self: center;
    -ms-flex-item-align: center;
    align-self: center;
    -webkit-flex-direction: row;
    -ms-flex-direction: row;
    flex-direction: row;
    padding-right: 24px;
    padding-left: 24px;
    width: 100%;
    max-width: 982px;
  }
}

@media (min-width: 992px) {
  .emotion-2 {
    display: grid;
    grid-auto-rows: auto;
    -webkit-align-self: center;
    -ms-flex-item-align: center;
    align-self: center;
    width: 100%;
    max-width: 1104px;
  }
}

@media (min-width: 992px) {
  .emotion-2 {
    grid-template-columns: 1fr;
  }
}

@media (min-width: 576px) and (max-width: 992px) {
  .emotion-2 {
    grid-template-columns: 1fr;
  }
}

@media (min-width: 992px) {
  .emotion-2 {
    margin-bottom: 60px;
  }
}

@media (min-width: 576px) and (max-width: 992px) {
  .emotion-2 {
    margin-bottom: 40px;
  }
}

@media (max-width: 576px) {
  .emotion-2 {
    margin-bottom: 30px;
  }
}

.emotion-3 {
  box-sizing: border-box;
  display: -webkit-box;
  display: -webkit-flex;
  display: -ms-flexbox;
  display: flex;
  -webkit-flex-direction: column;
  -ms-flex-direction: column;
  flex-direction: column;
  grid-column: span 1;
  -webkit-box-pack: center;
  -ms-flex-pack: center;
  -webkit-justify-content: center;
  justify-content: center;
  -webkit-align-items: center;
  -webkit-box-align: center;
  -ms-flex-align: center;
  align-items: center;
}

@media (min-width: 576px) and (max-width: 992px) {
  .emotion-3 {
    grid-column: span 1;
  }
}

.emotion-4 {
  font-family: GT-Alpina,serif;
  font-size: 48px;
  line-height: 56;
  text-rendering: geometricPrecision;
  color: #111214;
  font-weight: 200;
  margin: 0;
  margin-block-start: 0;
  margin-block-end: 0;
  line-height: 56px;
  text-align: center;
}

.emotion-6 {
  box-sizing: border-box;
  display: -webkit-box;
  display: -webkit-flex;
  display: -ms-flexbox;
  display: flex;
  -webkit-flex-direction: column;
  -ms-flex-direction: column;
  flex-direction: column;
  -webkit-align-self: center;
  -ms-flex-item-align: center;
  align-self: center;
  -webkit-flex-direction: column;
  -ms-flex-direction: column;
  flex-direction: column;
  padding-left: 12px;
  padding-right: 12px;
  width: 100%;
  max-width: 100vw;
  overflow: hidden;
  -webkit-box-flex-wrap: wrap;
  -webkit-flex-wrap: wrap;
  -ms-flex-wrap: wrap;
  flex-wrap: wrap;
  -webkit-column-gap: 24px;
  column-gap: 24px;
  margin-top: 20px;
  margin-bottom: 20px;
}

@media (min-width: 576px) and (max-width: 992px) {
  .emotion-6 {
    display: grid;
    grid-auto-rows: auto;
    -webkit-align-self: center;
    -ms-flex-item-align: center;
    align-self: center;
    -webkit-flex-direction: row;
    -ms-flex-direction: row;
    flex-direction: row;
    padding-right: 24px;
    padding-left: 24px;
    width: 100%;
    max-width: 982px;
  }
}

@media (min-width: 992px) {
  .emotion-6 {
    display: grid;
    grid-auto-rows: auto;
    -webkit-align-self: center;
    -ms-flex-item-align: center;
    align-self: center;
    width: 100%;
    max-width: 1104px;
  }
}

@media (min-width: 992px) {
  .emotion-6 {
    grid-template-columns: 1fr 1fr 1fr 1fr;
  }
}

@media (min-width: 576px) and (max-width: 992px) {
  .emotion-6 {
    grid-template-columns: 1fr 1fr 1fr 1fr;
  }
}

.emotion-7 {
  box-sizing: border-box;
  display: -webkit-box;
  display: -webkit-flex;
  display: -ms-flexbox;
  display: flex;
  -webkit-flex-direction: column;
  -ms-flex-direction: column;
  flex-direction: column;
  grid-column: span 1;
}

@media (min-width: 576px) and (max-width: 992px) {
  .emotion-7 {
    grid-column: span 1;
  }
}

.emotion-8 {
  font-weight: 200;
  margin: 0;
  margin-block-start: 0;
  margin-block-end: 0;
  font-family: GT-Alpina,serif;
  font-size: 24px;
  line-height: 28;
  text-rendering: geometricPrecision;
  color: #111214;
  line-height: 28px;
}

.emotion-9 {
  box-sizing: border-box;
  display: -webkit-box;
  display: -webkit-flex;
  display: -ms-flexbox;
  display: flex;
  -webkit-flex-direction: column;
  -ms-flex-direction: column;
  flex-direction: column;
  grid-column: span 3;
}

@media (min-width: 576px) and (max-width: 992px) {
  .emotion-9 {
    grid-column: span 3;
  }
}

.emotion-10 {
  font-family: Inter,sans-serif;
  font-size: 20px;
  line-height: 28;
  text-rendering: geometricPrecision;
  color: #111214;
  line-height: 28px;
}

.emotion-11 {
  font-family: Inter,sans-serif;
  font-size: 20px;
  line-height: 28;
  text-rendering: geometricPrecision;
  color: #111214;
  line-height: 28px;
}

.emotion-12 {
  -webkit-box-flex-wrap: wrap;
  -webkit-flex-wrap: wrap;
  -ms-flex-wrap: wrap;
  flex-wrap: wrap;
  -webkit-flex-direction: row;
  -ms-flex-direction: row;
  flex-direction: row;
}

.emotion-14 {
  -webkit-box-pack: center;
  -ms-flex-pack: center;
  -webkit-justify-content: center;
  justify-content: center;
  -webkit-box-flex: 0;
  -webkit-flex-grow: 0;
  -ms-flex-positive: 0;
  flex-grow: 0;
  width: -webkit-fit-content;
  width: -moz-fit-content;
  width: fit-content;
  opacity: 1;
  background-color: transparent;
  border-color: transparent;
  outline-color: transparent;
  -webkit-flex-direction: row;
  -ms-flex-direction: row;
  flex-direction: row;
  -webkit-box-pack: center;
  -ms-flex-pack: center;
  -webkit-justify-content: center;
  justify-content: center;
}

.emotion-15 {
  font-family: Jost,futura-pt,futura,sans-serif;
  font-size: 16px;
  line-height: 16;
  text-align: center;
  text-rendering: geometricPrecision;
  color: #111214;
  cursor: pointer;
  font-weight: 500;
  line-height: 16px;
  -webkit-text-decoration: none;
  text-decoration: none;
  display: -webkit-inline-box;
  display: -webkit-inline-flex;
  display: -ms-inline-flexbox;
  display: inline-flex;
  -webkit-align-items: center;
  -webkit-box-align: center;
  -ms-flex-align: center;
  align-items: center;
  color: #000;
  font-size: 16px;
  font-weight: 500;
  margin-top: 10px;
  margin-right: 30px;
}

.emotion-16 {
  margin-left: 8px;
  background-color: #000;
  padding: 9.5px 9.5px 9.5px 13.5px;
  border-radius: 60px;
}

.emotion-16:hover {
  background-color: #FCFF52;
}

.emotion-16:active {
  background-color: #000;
}

@media (max-width: 576px) {
  .emotion-16 {
    padding: 6px 6px 6px 8px;
  }
}

<div
  className="emotion-0"
>
  <section
    className="emotion-1"
  >
    <div
      className="emotion-2"
    >
      <div
        className="emotion-3"
      >
        <h1
          className="emotion-4"
        >
          Celo Whitepapers
        </h1>
      </div>
    </div>
  </section>
  <section
    className="emotion-1"
  >
    <div
      className="emotion-6"
    >
      <div
        className="emotion-7"
      >
        <h3
          className="emotion-8"
        >
          Protocol
        </h3>
      </div>
      <div
        className="emotion-9"
      >
        <p
          className="emotion-10"
        />
        <p
          className="emotion-11"
        >
          Celo Whitepaper: A Multi-Asset Cryptographic Protocol for Decentralized Social Payments
        </p>
        <div
          className="emotion-12"
        >
          <div
            className="emotion-13"
          >
            <span
              className="emotion-14"
            >
              <a
                className="emotion-15"
                href="/papers/whitepaper"
                onClick={[Function]}
                onMouseEnter={[Function]}
                rel="noopener"
                target="_blank"
              >
                Read paper
                <span
                  className="emotion-16"
                  onMouseDown={[Function]}
                  onMouseEnter={[Function]}
                  onMouseLeave={[Function]}
                >
                  <svg
                    fill="none"
                    height="0.75em"
                    style={
                      Object {
                        "transform": "rotate(0deg)",
                      }
                    }
                    viewBox="0 0 8 12"
                    width="0.75em"
                  >
                    <path
                      clipRule="evenodd"
                      d="M1.19997 0L1.13249e-05 1.19996L4.80011 6.00006L0 10.8002L1.19996 12.0001L7.19977 6.00032L7.19953 6.00007L7.19979 5.99981L1.19997 0Z"
                      fill="#FFFFFF"
                      fillRule="evenodd"
                      opacity={1}
                    />
                  </svg>
                </span>
              </a>
            </span>
          </div>
          <div
            className="emotion-13"
          >
            <span
              className="emotion-14"
            >
              <a
                className="emotion-15"
                href="/papers/whitepaper/chinese"
                onClick={[Function]}
                onMouseEnter={[Function]}
                rel="noopener"
                target="_blank"
              >
                阅读
                <span
                  className="emotion-16"
                  onMouseDown={[Function]}
                  onMouseEnter={[Function]}
                  onMouseLeave={[Function]}
                >
                  <svg
                    fill="none"
                    height="0.75em"
                    style={
                      Object {
                        "transform": "rotate(0deg)",
                      }
                    }
                    viewBox="0 0 8 12"
                    width="0.75em"
                  >
                    <path
                      clipRule="evenodd"
                      d="M1.19997 0L1.13249e-05 1.19996L4.80011 6.00006L0 10.8002L1.19996 12.0001L7.19977 6.00032L7.19953 6.00007L7.19979 5.99981L1.19997 0Z"
                      fill="#FFFFFF"
                      fillRule="evenodd"
                      opacity={1}
                    />
                  </svg>
                </span>
              </a>
            </span>
          </div>
        </div>
      </div>
    </div>
  </section>
  <section
    className="emotion-1"
  >
    <div
      className="emotion-6"
    >
      <div
        className="emotion-7"
      >
        <h3
          className="emotion-8"
        >
          
        </h3>
      </div>
      <div
        className="emotion-9"
      >
        <p
          className="emotion-10"
        />
        <p
          className="emotion-11"
        >
          Plumo: An Ultralight Blockchain Client
        </p>
        <div
          className="emotion-12"
        >
          <div
            className="emotion-13"
          >
            <span
              className="emotion-14"
            >
              <a
                className="emotion-15"
                href="/papers/plumo"
                onClick={[Function]}
                onMouseEnter={[Function]}
                rel="noopener"
                target="_blank"
              >
                Read paper
                <span
                  className="emotion-16"
                  onMouseDown={[Function]}
                  onMouseEnter={[Function]}
                  onMouseLeave={[Function]}
                >
                  <svg
                    fill="none"
                    height="0.75em"
                    style={
                      Object {
                        "transform": "rotate(0deg)",
                      }
                    }
                    viewBox="0 0 8 12"
                    width="0.75em"
                  >
                    <path
                      clipRule="evenodd"
                      d="M1.19997 0L1.13249e-05 1.19996L4.80011 6.00006L0 10.8002L1.19996 12.0001L7.19977 6.00032L7.19953 6.00007L7.19979 5.99981L1.19997 0Z"
                      fill="#FFFFFF"
                      fillRule="evenodd"
                      opacity={1}
                    />
                  </svg>
                </span>
              </a>
            </span>
          </div>
        </div>
      </div>
    </div>
  </section>
  <section
    className="emotion-1"
  >
    <div
      className="emotion-6"
    >
      <div
        className="emotion-7"
      >
        <h3
          className="emotion-8"
        >
          Economics
        </h3>
      </div>
      <div
        className="emotion-9"
      >
        <p
          className="emotion-10"
        />
        <p
          className="emotion-11"
        >
          An Analysis of the Stability Characteristics of Celo
        </p>
        <div
          className="emotion-12"
        >
          <div
            className="emotion-13"
          >
            <span
              className="emotion-14"
            >
              <a
                className="emotion-15"
                href="/papers/stability"
                onClick={[Function]}
                onMouseEnter={[Function]}
                rel="noopener"
                target="_blank"
              >
                Read paper
                <span
                  className="emotion-16"
                  onMouseDown={[Function]}
                  onMouseEnter={[Function]}
                  onMouseLeave={[Function]}
                >
                  <svg
                    fill="none"
                    height="0.75em"
                    style={
                      Object {
                        "transform": "rotate(0deg)",
                      }
                    }
                    viewBox="0 0 8 12"
                    width="0.75em"
                  >
                    <path
                      clipRule="evenodd"
                      d="M1.19997 0L1.13249e-05 1.19996L4.80011 6.00006L0 10.8002L1.19996 12.0001L7.19977 6.00032L7.19953 6.00007L7.19979 5.99981L1.19997 0Z"
                      fill="#FFFFFF"
                      fillRule="evenodd"
                      opacity={1}
                    />
                  </svg>
                </span>
              </a>
            </span>
          </div>
        </div>
      </div>
    </div>
  </section>
  <section
    className="emotion-1"
  >
    <div
      className="emotion-6"
    >
      <div
        className="emotion-7"
      >
        <h3
          className="emotion-8"
        >
          
        </h3>
      </div>
      <div
        className="emotion-9"
      >
        <p
          className="emotion-10"
        />
        <p
          className="emotion-11"
        >
          Influencing the Velocity of Central Bank Digital Currencies
        </p>
        <div
          className="emotion-12"
        >
          <div
            className="emotion-13"
          >
            <span
              className="emotion-14"
            >
              <a
                className="emotion-15"
                href="/papers/cbdc-velocity"
                onClick={[Function]}
                onMouseEnter={[Function]}
                rel="noopener"
                target="_blank"
              >
                Read paper
                <span
                  className="emotion-16"
                  onMouseDown={[Function]}
                  onMouseEnter={[Function]}
                  onMouseLeave={[Function]}
                >
                  <svg
                    fill="none"
                    height="0.75em"
                    style={
                      Object {
                        "transform": "rotate(0deg)",
                      }
                    }
                    viewBox="0 0 8 12"
                    width="0.75em"
                  >
                    <path
                      clipRule="evenodd"
                      d="M1.19997 0L1.13249e-05 1.19996L4.80011 6.00006L0 10.8002L1.19996 12.0001L7.19977 6.00032L7.19953 6.00007L7.19979 5.99981L1.19997 0Z"
                      fill="#FFFFFF"
                      fillRule="evenodd"
                      opacity={1}
                    />
                  </svg>
                </span>
              </a>
            </span>
          </div>
          <div
            className="emotion-13"
          >
            <span
              className="emotion-14"
            >
              <a
                className="emotion-15"
                href="/papers/cbdc-velocity/spanish"
                onClick={[Function]}
                onMouseEnter={[Function]}
                rel="noopener"
                target="_blank"
              >
                Lee el informe
                <span
                  className="emotion-16"
                  onMouseDown={[Function]}
                  onMouseEnter={[Function]}
                  onMouseLeave={[Function]}
                >
                  <svg
                    fill="none"
                    height="0.75em"
                    style={
                      Object {
                        "transform": "rotate(0deg)",
                      }
                    }
                    viewBox="0 0 8 12"
                    width="0.75em"
                  >
                    <path
                      clipRule="evenodd"
                      d="M1.19997 0L1.13249e-05 1.19996L4.80011 6.00006L0 10.8002L1.19996 12.0001L7.19977 6.00032L7.19953 6.00007L7.19979 5.99981L1.19997 0Z"
                      fill="#FFFFFF"
                      fillRule="evenodd"
                      opacity={1}
                    />
                  </svg>
                </span>
              </a>
            </span>
          </div>
        </div>
      </div>
    </div>
  </section>
  <section
    className="emotion-1"
  >
    <div
      className="emotion-6"
    >
      <div
        className="emotion-7"
      >
        <h3
          className="emotion-8"
        >
          
        </h3>
      </div>
      <div
        className="emotion-9"
      >
        <p
          className="emotion-10"
        />
        <p
          className="emotion-11"
        >
          Shaping the Future of Digital Currencies
        </p>
        <div
          className="emotion-12"
        >
          <div
            className="emotion-13"
          >
            <span
              className="emotion-14"
            >
              <a
                className="emotion-15"
                href="/papers/future-of-digital-currencies"
                onClick={[Function]}
                onMouseEnter={[Function]}
                rel="noopener"
                target="_blank"
              >
                Read paper
                <span
                  className="emotion-16"
                  onMouseDown={[Function]}
                  onMouseEnter={[Function]}
                  onMouseLeave={[Function]}
                >
                  <svg
                    fill="none"
                    height="0.75em"
                    style={
                      Object {
                        "transform": "rotate(0deg)",
                      }
                    }
                    viewBox="0 0 8 12"
                    width="0.75em"
                  >
                    <path
                      clipRule="evenodd"
                      d="M1.19997 0L1.13249e-05 1.19996L4.80011 6.00006L0 10.8002L1.19996 12.0001L7.19977 6.00032L7.19953 6.00007L7.19979 5.99981L1.19997 0Z"
                      fill="#FFFFFF"
                      fillRule="evenodd"
                      opacity={1}
                    />
                  </svg>
                </span>
              </a>
            </span>
          </div>
        </div>
      </div>
    </div>
  </section>
  <section
    className="emotion-1"
  >
    <div
      className="emotion-6"
    >
      <div
        className="emotion-7"
      >
        <h3
          className="emotion-8"
        >
          Social Impact
        </h3>
      </div>
      <div
        className="emotion-9"
      >
        <p
          className="emotion-10"
        />
        <p
          className="emotion-11"
        >
          Future-Proof Aid Policy
        </p>
        <div
          className="emotion-12"
        >
          <div
            className="emotion-13"
          >
            <span
              className="emotion-14"
            >
              <a
                className="emotion-15"
                href="/papers/future-proof-aid"
                onClick={[Function]}
                onMouseEnter={[Function]}
                rel="noopener"
                target="_blank"
              >
                Read paper
                <span
                  className="emotion-16"
                  onMouseDown={[Function]}
                  onMouseEnter={[Function]}
                  onMouseLeave={[Function]}
                >
                  <svg
                    fill="none"
                    height="0.75em"
                    style={
                      Object {
                        "transform": "rotate(0deg)",
                      }
                    }
                    viewBox="0 0 8 12"
                    width="0.75em"
                  >
                    <path
                      clipRule="evenodd"
                      d="M1.19997 0L1.13249e-05 1.19996L4.80011 6.00006L0 10.8002L1.19996 12.0001L7.19977 6.00032L7.19953 6.00007L7.19979 5.99981L1.19997 0Z"
                      fill="#FFFFFF"
                      fillRule="evenodd"
                      opacity={1}
                    />
                  </svg>
                </span>
              </a>
            </span>
          </div>
          <div
            className="emotion-13"
          >
            <span
              className="emotion-14"
            >
              <a
                className="emotion-15"
                href="/papers/future-proof-exec"
                onClick={[Function]}
                onMouseEnter={[Function]}
                rel="noopener"
                target="_blank"
              >
                Exec Summary
                <span
                  className="emotion-16"
                  onMouseDown={[Function]}
                  onMouseEnter={[Function]}
                  onMouseLeave={[Function]}
                >
                  <svg
                    fill="none"
                    height="0.75em"
                    style={
                      Object {
                        "transform": "rotate(0deg)",
                      }
                    }
                    viewBox="0 0 8 12"
                    width="0.75em"
                  >
                    <path
                      clipRule="evenodd"
                      d="M1.19997 0L1.13249e-05 1.19996L4.80011 6.00006L0 10.8002L1.19996 12.0001L7.19977 6.00032L7.19953 6.00007L7.19979 5.99981L1.19997 0Z"
                      fill="#FFFFFF"
                      fillRule="evenodd"
                      opacity={1}
                    />
                  </svg>
                </span>
              </a>
            </span>
          </div>
        </div>
      </div>
    </div>
  </section>
  <section
    className="emotion-1"
  >
    <div
      className="emotion-6"
    >
      <div
        className="emotion-7"
      >
        <h3
          className="emotion-8"
        >
          
        </h3>
      </div>
      <div
        className="emotion-9"
      >
        <p
          className="emotion-10"
        />
        <p
          className="emotion-11"
        >
          Delivering Humanitarian COVID Aid using the Celo Platform
        </p>
        <div
          className="emotion-12"
        >
          <div
            className="emotion-13"
          >
            <span
              className="emotion-14"
            >
              <a
                className="emotion-15"
                href="/papers/covid-aid"
                onClick={[Function]}
                onMouseEnter={[Function]}
                rel="noopener"
                target="_blank"
              >
                Read paper
                <span
                  className="emotion-16"
                  onMouseDown={[Function]}
                  onMouseEnter={[Function]}
                  onMouseLeave={[Function]}
                >
                  <svg
                    fill="none"
                    height="0.75em"
                    style={
                      Object {
                        "transform": "rotate(0deg)",
                      }
                    }
                    viewBox="0 0 8 12"
                    width="0.75em"
                  >
                    <path
                      clipRule="evenodd"
                      d="M1.19997 0L1.13249e-05 1.19996L4.80011 6.00006L0 10.8002L1.19996 12.0001L7.19977 6.00032L7.19953 6.00007L7.19979 5.99981L1.19997 0Z"
                      fill="#FFFFFF"
                      fillRule="evenodd"
                      opacity={1}
                    />
                  </svg>
                </span>
              </a>
            </span>
          </div>
        </div>
      </div>
    </div>
  </section>
  <section
    className="emotion-1"
  >
    <div
      className="emotion-6"
    >
      <div
        className="emotion-7"
      >
        <h3
          className="emotion-8"
        >
          Climate Impact
        </h3>
      </div>
      <div
        className="emotion-9"
      >
        <p
          className="emotion-10"
        />
        <p
          className="emotion-11"
        >
          Scaling Voluntary Carbon Markets Through Open Blockchain Platforms
        </p>
        <div
          className="emotion-12"
        >
          <div
            className="emotion-13"
          >
            <span
              className="emotion-14"
            >
              <a
                className="emotion-15"
                href="/papers/voluntary-carbon-credits"
                onClick={[Function]}
                onMouseEnter={[Function]}
                rel="noopener"
                target="_blank"
              >
                Read paper
                <span
                  className="emotion-16"
                  onMouseDown={[Function]}
                  onMouseEnter={[Function]}
                  onMouseLeave={[Function]}
                >
                  <svg
                    fill="none"
                    height="0.75em"
                    style={
                      Object {
                        "transform": "rotate(0deg)",
                      }
                    }
                    viewBox="0 0 8 12"
                    width="0.75em"
                  >
                    <path
                      clipRule="evenodd"
                      d="M1.19997 0L1.13249e-05 1.19996L4.80011 6.00006L0 10.8002L1.19996 12.0001L7.19977 6.00032L7.19953 6.00007L7.19979 5.99981L1.19997 0Z"
                      fill="#FFFFFF"
                      fillRule="evenodd"
                      opacity={1}
                    />
                  </svg>
                </span>
              </a>
            </span>
          </div>
        </div>
      </div>
    </div>
  </section>
</div>
`;
