// Jest Snapshot v1, https://goo.gl/fbAQLP

exports[`Terms renders 1`] = `
.emotion-0 {
  box-sizing: border-box;
  display: -webkit-box;
  display: -webkit-flex;
  display: -ms-flexbox;
  display: flex;
  -webkit-flex-direction: column;
  -ms-flex-direction: column;
  flex-direction: column;
  margin-top: 75px;
  padding-top: 75px;
}

.emotion-1 {
  box-sizing: border-box;
  display: -webkit-box;
  display: -webkit-flex;
  display: -ms-flexbox;
  display: flex;
  -webkit-flex-direction: column;
  -ms-flex-direction: column;
  flex-direction: column;
  overflow: hidden;
  -webkit-align-items: center;
  -webkit-box-align: center;
  -ms-flex-align: center;
  align-items: center;
  -webkit-align-self: center;
  -ms-flex-item-align: center;
  align-self: center;
  width: 100%;
}

.emotion-2 {
  box-sizing: border-box;
  display: -webkit-box;
  display: -webkit-flex;
  display: -ms-flexbox;
  display: flex;
  -webkit-flex-direction: column;
  -ms-flex-direction: column;
  flex-direction: column;
  -webkit-align-self: center;
  -ms-flex-item-align: center;
  align-self: center;
  -webkit-flex-direction: column;
  -ms-flex-direction: column;
  flex-direction: column;
  padding-left: 12px;
  padding-right: 12px;
  width: 100%;
  max-width: 100vw;
  overflow: hidden;
  -webkit-box-flex-wrap: wrap;
  -webkit-flex-wrap: wrap;
  -ms-flex-wrap: wrap;
  flex-wrap: wrap;
  -webkit-column-gap: 24px;
  column-gap: 24px;
  -webkit-box-pack: center;
  -ms-flex-pack: center;
  -webkit-justify-content: center;
  justify-content: center;
  -webkit-align-items: center;
  -webkit-box-align: center;
  -ms-flex-align: center;
  align-items: center;
}

@media (min-width: 576px) and (max-width: 992px) {
  .emotion-2 {
    display: grid;
    grid-auto-rows: auto;
    -webkit-align-self: center;
    -ms-flex-item-align: center;
    align-self: center;
    -webkit-flex-direction: row;
    -ms-flex-direction: row;
    flex-direction: row;
    padding-right: 24px;
    padding-left: 24px;
    width: 100%;
    max-width: 982px;
  }
}

@media (min-width: 992px) {
  .emotion-2 {
    display: grid;
    grid-auto-rows: auto;
    -webkit-align-self: center;
    -ms-flex-item-align: center;
    align-self: center;
    width: 100%;
    max-width: 1104px;
  }
}

@media (min-width: 992px) {
  .emotion-2 {
    grid-template-columns: 1fr;
  }
}

@media (min-width: 576px) and (max-width: 992px) {
  .emotion-2 {
    grid-template-columns: 1fr;
  }
}

@media (max-width: 576px) {
  .emotion-2 {
    margin-bottom: 30px;
  }
}

@media (min-width: 576px) and (max-width: 992px) {
  .emotion-2 {
    margin-bottom: 40px;
  }
}

@media (min-width: 992px) {
  .emotion-2 {
    margin-bottom: 60px;
  }
}

.emotion-3 {
  box-sizing: border-box;
  display: -webkit-box;
  display: -webkit-flex;
  display: -ms-flexbox;
  display: flex;
  -webkit-flex-direction: column;
  -ms-flex-direction: column;
  flex-direction: column;
  grid-column: span 1;
  -webkit-box-pack: center;
  -ms-flex-pack: center;
  -webkit-justify-content: center;
  justify-content: center;
  -webkit-align-items: center;
  -webkit-box-align: center;
  -ms-flex-align: center;
  align-items: center;
}

@media (min-width: 576px) and (max-width: 992px) {
  .emotion-3 {
    grid-column: span 1;
  }
}

.emotion-4 {
  text-align: center;
  font-family: EB Garamond,eb-garamond,Garamond,serif;
  font-size: 48px;
  line-height: 56;
  text-rendering: geometricPrecision;
  color: #111214;
  font-weight: normal;
  margin: 0;
  margin-block-start: 0;
  margin-block-end: 0;
  line-height: 56px;
}

.emotion-6 {
  box-sizing: border-box;
  display: -webkit-box;
  display: -webkit-flex;
  display: -ms-flexbox;
  display: flex;
  -webkit-flex-direction: column;
  -ms-flex-direction: column;
  flex-direction: column;
  -webkit-align-self: center;
  -ms-flex-item-align: center;
  align-self: center;
  -webkit-flex-direction: column;
  -ms-flex-direction: column;
  flex-direction: column;
  padding-left: 12px;
  padding-right: 12px;
  width: 100%;
  max-width: 100vw;
  overflow: hidden;
  -webkit-box-flex-wrap: wrap;
  -webkit-flex-wrap: wrap;
  -ms-flex-wrap: wrap;
  flex-wrap: wrap;
  -webkit-column-gap: 24px;
  column-gap: 24px;
  margin-top: 20px;
  margin-bottom: 20px;
}

@media (min-width: 576px) and (max-width: 992px) {
  .emotion-6 {
    display: grid;
    grid-auto-rows: auto;
    -webkit-align-self: center;
    -ms-flex-item-align: center;
    align-self: center;
    -webkit-flex-direction: row;
    -ms-flex-direction: row;
    flex-direction: row;
    padding-right: 24px;
    padding-left: 24px;
    width: 100%;
    max-width: 982px;
  }
}

@media (min-width: 992px) {
  .emotion-6 {
    display: grid;
    grid-auto-rows: auto;
    -webkit-align-self: center;
    -ms-flex-item-align: center;
    align-self: center;
    width: 100%;
    max-width: 1104px;
  }
}

@media (min-width: 992px) {
  .emotion-6 {
    grid-template-columns: 1fr 1fr 1fr 1fr;
  }
}

@media (min-width: 576px) and (max-width: 992px) {
  .emotion-6 {
    grid-template-columns: 1fr 1fr 1fr 1fr;
  }
}

.emotion-7 {
  box-sizing: border-box;
  display: -webkit-box;
  display: -webkit-flex;
  display: -ms-flexbox;
  display: flex;
  -webkit-flex-direction: column;
  -ms-flex-direction: column;
  flex-direction: column;
  grid-column: span 1;
}

@media (min-width: 576px) and (max-width: 992px) {
  .emotion-7 {
    grid-column: span 1;
  }
}

.emotion-8 {
  font-weight: normal;
  margin: 0;
  margin-block-start: 0;
  margin-block-end: 0;
  font-family: Jost,futura-pt,futura,sans-serif;
  font-size: 24px;
  line-height: 28;
  font-weight: 400;
  text-rendering: geometricPrecision;
  color: #111214;
  line-height: 28px;
}

.emotion-9 {
  box-sizing: border-box;
  display: -webkit-box;
  display: -webkit-flex;
  display: -ms-flexbox;
  display: flex;
  -webkit-flex-direction: column;
  -ms-flex-direction: column;
  flex-direction: column;
  grid-column: span 2;
}

@media (min-width: 576px) and (max-width: 992px) {
  .emotion-9 {
    grid-column: span 2;
  }
}

.emotion-10 {
  font-family: EB Garamond,eb-garamond,Garamond,serif;
  font-size: 20px;
  line-height: 28;
  text-rendering: geometricPrecision;
  color: #111214;
  line-height: 28px;
}

.emotion-11 {
  height: 120px;
  -webkit-box-pack: justify;
  -webkit-justify-content: space-between;
  justify-content: space-between;
}

.emotion-13 {
  -webkit-box-pack: center;
  -ms-flex-pack: center;
  -webkit-justify-content: center;
  justify-content: center;
  -webkit-box-flex: 0;
  -webkit-flex-grow: 0;
  -ms-flex-positive: 0;
  flex-grow: 0;
  width: -webkit-fit-content;
  width: -moz-fit-content;
  width: fit-content;
  opacity: 1;
  background-color: transparent;
  border-color: transparent;
  outline-color: transparent;
  -webkit-flex-direction: row;
  -ms-flex-direction: row;
  flex-direction: row;
  -webkit-box-pack: center;
  -ms-flex-pack: center;
  -webkit-justify-content: center;
  justify-content: center;
}

.emotion-14 {
  font-family: Jost,futura-pt,futura,sans-serif;
  font-size: 16px;
  line-height: 16;
  text-align: center;
  text-rendering: geometricPrecision;
  color: #111214;
  cursor: pointer;
  font-weight: 500;
  line-height: 16px;
  -webkit-text-decoration: none;
  text-decoration: none;
  display: -webkit-inline-box;
  display: -webkit-inline-flex;
  display: -ms-inline-flexbox;
  display: inline-flex;
  -webkit-align-items: center;
  -webkit-box-align: center;
  -ms-flex-align: center;
  align-items: center;
  color: #35D07F;
  font-size: 16px;
  font-weight: 500;
  margin-top: 10px;
  margin-right: 30px;
}

.emotion-14:hover {
  color: #4CDD91;
}

.emotion-14:active {
  color: #0FB972;
}

.emotion-15 {
  padding-top: 0.15em;
  padding-left: 0.4em;
}

.emotion-33 {
  font-family: EB Garamond,eb-garamond,Garamond,serif;
  font-size: 20px;
  line-height: 28;
  text-rendering: geometricPrecision;
  color: #111214;
  line-height: 28px;
  margin-bottom: 20px;
}

<div
  className="emotion-0"
>
  <section
    className="emotion-1"
  >
    <div
      className="emotion-2"
    >
      <div
        className="emotion-3"
      >
        <h1
          className="emotion-4"
        >
          Celo Terms of Use and FAQ
        </h1>
      </div>
    </div>
  </section>
  <section
    className="emotion-1"
  >
    <div
      className="emotion-6"
    >
      <div
        className="emotion-7"
      >
        <h3
          className="emotion-8"
        >
          Helpful Links
        </h3>
      </div>
      <div
        className="emotion-9"
      >
        <p
          className="emotion-10"
        />
        <div
          className="emotion-11"
        >
          <div
            className="emotion-12"
          >
            <span
              className="emotion-13"
            >
              <a
                className="emotion-14"
                href="/user-agreement"
                onClick={[Function]}
                onMouseEnter={[Function]}
                rel="noopener"
                target="_blank"
              >
                User Agreement
                <span
                  className="emotion-15"
                >
                  <svg
                    className="emotion-16"
                    fill="none"
                    height="0.75em"
                    transform="rotate(0)"
                    viewBox="0 0 8 12"
                    width="0.75em"
                  >
                    <path
                      clipRule="evenodd"
                      d="M1.19997 0L1.13249e-05 1.19996L4.80011 6.00006L0 10.8002L1.19996 12.0001L7.19977 6.00032L7.19953 6.00007L7.19979 5.99981L1.19997 0Z"
                      fill="#35D07F"
                      fillRule="evenodd"
                      opacity={1}
                    />
                  </svg>
                </span>
              </a>
            </span>
          </div>
          <div
            className="emotion-12"
          >
            <span
              className="emotion-13"
            >
              <a
                className="emotion-14"
                href="/privacy"
                onClick={[Function]}
                onMouseEnter={[Function]}
                rel="noopener"
                target="_blank"
              >
                Privacy Policy
                <span
                  className="emotion-15"
                >
                  <svg
                    className="emotion-16"
                    fill="none"
                    height="0.75em"
                    transform="rotate(0)"
                    viewBox="0 0 8 12"
                    width="0.75em"
                  >
                    <path
                      clipRule="evenodd"
                      d="M1.19997 0L1.13249e-05 1.19996L4.80011 6.00006L0 10.8002L1.19996 12.0001L7.19977 6.00032L7.19953 6.00007L7.19979 5.99981L1.19997 0Z"
                      fill="#35D07F"
                      fillRule="evenodd"
                      opacity={1}
                    />
                  </svg>
                </span>
              </a>
            </span>
          </div>
          <div
            className="emotion-12"
          >
            <span
              className="emotion-13"
            >
              <a
                className="emotion-14"
                href="https://docs.celo.org/important-information/mainnet-network-disclaimer"
                onClick={[Function]}
                onMouseEnter={[Function]}
                rel="noopener"
                target="_blank"
              >
                Disclaimer
                <span
                  className="emotion-15"
                >
                  <svg
                    className="emotion-16"
                    fill="none"
                    height="0.75em"
                    transform="rotate(0)"
                    viewBox="0 0 8 12"
                    width="0.75em"
                  >
                    <path
                      clipRule="evenodd"
                      d="M1.19997 0L1.13249e-05 1.19996L4.80011 6.00006L0 10.8002L1.19996 12.0001L7.19977 6.00032L7.19953 6.00007L7.19979 5.99981L1.19997 0Z"
                      fill="#35D07F"
                      fillRule="evenodd"
                      opacity={1}
                    />
                  </svg>
                </span>
              </a>
            </span>
          </div>
        </div>
      </div>
    </div>
  </section>
  <section
    className="emotion-1"
  >
    <div
      className="emotion-6"
    >
      <div
        className="emotion-7"
      >
        <h3
          className="emotion-8"
        >
          A Note on Privacy
        </h3>
      </div>
      <div
        className="emotion-9"
      >
        <p
          className="emotion-10"
        />
        <p
          className="emotion-33"
        >
          The Celo Network stores phone number hashes to allow for payments to a phone number. By verifying your phone number, you consent to having your hashed phone number stored on the Celo Blockchain.
        </p>
        <div
          className="emotion-12"
        >
          <span
            className="emotion-13"
          >
            <a
              className="emotion-14"
              href="https://docs.celo.org/celo-codebase/protocol/identity/phone-number-privacy"
              onClick={[Function]}
              onMouseEnter={[Function]}
              rel="noopener"
              target="_blank"
            >
              Privacy Documentation
              <span
                className="emotion-15"
              >
                <svg
                  className="emotion-16"
                  fill="none"
                  height="0.75em"
                  transform="rotate(0)"
                  viewBox="0 0 8 12"
                  width="0.75em"
                >
                  <path
                    clipRule="evenodd"
                    d="M1.19997 0L1.13249e-05 1.19996L4.80011 6.00006L0 10.8002L1.19996 12.0001L7.19977 6.00032L7.19953 6.00007L7.19979 5.99981L1.19997 0Z"
                    fill="#35D07F"
                    fillRule="evenodd"
                    opacity={1}
                  />
                </svg>
              </span>
            </a>
          </span>
        </div>
      </div>
    </div>
  </section>
</div>
`;
