// Jest Snapshot v1, https://goo.gl/fbAQLP

exports[`UserAgreement renders 1`] = `
.emotion-0 {
  margin-top: 75px;
  padding-top: 75px;
}

.emotion-1 {
  box-sizing: border-box;
  display: -webkit-box;
  display: -webkit-flex;
  display: -ms-flexbox;
  display: flex;
  -webkit-flex-direction: column;
  -ms-flex-direction: column;
  flex-direction: column;
  overflow: hidden;
  -webkit-align-items: center;
  -webkit-box-align: center;
  -ms-flex-align: center;
  align-items: center;
  -webkit-align-self: center;
  -ms-flex-item-align: center;
  align-self: center;
  width: 100%;
  background-color: #FBF6F1;
}

.emotion-2 {
  box-sizing: border-box;
  display: -webkit-box;
  display: -webkit-flex;
  display: -ms-flexbox;
  display: flex;
  -webkit-flex-direction: column;
  -ms-flex-direction: column;
  flex-direction: column;
  -webkit-align-self: center;
  -ms-flex-item-align: center;
  align-self: center;
  -webkit-flex-direction: column;
  -ms-flex-direction: column;
  flex-direction: column;
  padding-left: 12px;
  padding-right: 12px;
  width: 100%;
  max-width: 100vw;
  overflow: hidden;
  -webkit-box-flex-wrap: wrap;
  -webkit-flex-wrap: wrap;
  -ms-flex-wrap: wrap;
  flex-wrap: wrap;
  -webkit-column-gap: 24px;
  column-gap: 24px;
  -webkit-box-pack: center;
  -ms-flex-pack: center;
  -webkit-justify-content: center;
  justify-content: center;
  -webkit-align-items: center;
  -webkit-box-align: center;
  -ms-flex-align: center;
  align-items: center;
}

@media (min-width: 576px) and (max-width: 992px) {
  .emotion-2 {
    display: grid;
    grid-auto-rows: auto;
    -webkit-align-self: center;
    -ms-flex-item-align: center;
    align-self: center;
    -webkit-flex-direction: row;
    -ms-flex-direction: row;
    flex-direction: row;
    padding-right: 24px;
    padding-left: 24px;
    width: 100%;
    max-width: 982px;
  }
}

@media (min-width: 992px) {
  .emotion-2 {
    display: grid;
    grid-auto-rows: auto;
    -webkit-align-self: center;
    -ms-flex-item-align: center;
    align-self: center;
    width: 100%;
    max-width: 1104px;
  }
}

@media (min-width: 992px) {
  .emotion-2 {
    grid-template-columns: 1fr 1fr 1fr 1fr;
  }
}

@media (min-width: 576px) and (max-width: 992px) {
  .emotion-2 {
    grid-template-columns: 1fr 1fr 1fr 1fr;
  }
}

@media (min-width: 992px) {
  .emotion-2 {
    margin-bottom: 60px;
  }
}

@media (min-width: 576px) and (max-width: 992px) {
  .emotion-2 {
    margin-bottom: 40px;
  }
}

@media (max-width: 576px) {
  .emotion-2 {
    margin-bottom: 30px;
  }
}

.emotion-3 {
  box-sizing: border-box;
  display: -webkit-box;
  display: -webkit-flex;
  display: -ms-flexbox;
  display: flex;
  -webkit-flex-direction: column;
  -ms-flex-direction: column;
  flex-direction: column;
  grid-column: span 1;
}

@media (min-width: 576px) and (max-width: 992px) {
  .emotion-3 {
    grid-column: span 1;
  }
}

.emotion-4 {
  box-sizing: border-box;
  display: -webkit-box;
  display: -webkit-flex;
  display: -ms-flexbox;
  display: flex;
  -webkit-flex-direction: column;
  -ms-flex-direction: column;
  flex-direction: column;
  grid-column: span 3;
  -webkit-box-pack: center;
  -ms-flex-pack: center;
  -webkit-justify-content: center;
  justify-content: center;
  -webkit-align-items: center;
  -webkit-box-align: center;
  -ms-flex-align: center;
  align-items: center;
}

@media (min-width: 576px) and (max-width: 992px) {
  .emotion-4 {
    grid-column: span 3;
  }
}

.emotion-5 {
  font-family: GT-Alpina,serif;
  font-size: 48px;
  line-height: 56;
  text-rendering: geometricPrecision;
  color: #111214;
  font-weight: 200;
  margin: 0;
  margin-block-start: 0;
  margin-block-end: 0;
  line-height: 56px;
  text-align: center;
}

.emotion-7 {
  box-sizing: border-box;
  display: -webkit-box;
  display: -webkit-flex;
  display: -ms-flexbox;
  display: flex;
  -webkit-flex-direction: column;
  -ms-flex-direction: column;
  flex-direction: column;
  -webkit-align-self: center;
  -ms-flex-item-align: center;
  align-self: center;
  -webkit-flex-direction: column;
  -ms-flex-direction: column;
  flex-direction: column;
  padding-left: 12px;
  padding-right: 12px;
  width: 100%;
  max-width: 100vw;
  overflow: hidden;
  -webkit-box-flex-wrap: wrap;
  -webkit-flex-wrap: wrap;
  -ms-flex-wrap: wrap;
  flex-wrap: wrap;
  -webkit-column-gap: 24px;
  column-gap: 24px;
}

@media (min-width: 576px) and (max-width: 992px) {
  .emotion-7 {
    display: grid;
    grid-auto-rows: auto;
    -webkit-align-self: center;
    -ms-flex-item-align: center;
    align-self: center;
    -webkit-flex-direction: row;
    -ms-flex-direction: row;
    flex-direction: row;
    padding-right: 24px;
    padding-left: 24px;
    width: 100%;
    max-width: 982px;
  }
}

@media (min-width: 992px) {
  .emotion-7 {
    display: grid;
    grid-auto-rows: auto;
    -webkit-align-self: center;
    -ms-flex-item-align: center;
    align-self: center;
    width: 100%;
    max-width: 1104px;
  }
}

@media (min-width: 992px) {
  .emotion-7 {
    grid-template-columns: 1fr 1fr 1fr 1fr;
  }
}

@media (min-width: 576px) and (max-width: 992px) {
  .emotion-7 {
    grid-template-columns: 1fr 1fr 1fr 1fr;
  }
}

.emotion-9 {
  font-weight: 200;
  margin: 0;
  margin-block-start: 0;
  margin-block-end: 0;
  font-family: GT-Alpina,serif;
  font-size: 16px;
  line-height: 18;
  font-weight: 500;
  text-rendering: geometricPrecision;
  color: #111214;
  line-height: 18px;
}

.emotion-10 {
  box-sizing: border-box;
  display: -webkit-box;
  display: -webkit-flex;
  display: -ms-flexbox;
  display: flex;
  -webkit-flex-direction: column;
  -ms-flex-direction: column;
  flex-direction: column;
  grid-column: span 3;
}

@media (min-width: 576px) and (max-width: 992px) {
  .emotion-10 {
    grid-column: span 3;
  }
}

.emotion-13 {
  display: inline;
}

.emotion-14 {
  color: inherit;
  cursor: pointer;
  text-decoration-style: solid;
  text-decoration-line: underline;
  display: inline;
  opacity: 1;
}

.emotion-14:hover {
  opacity: 0.75;
}

.emotion-14:active {
  opacity: 1;
}

<div
  className="emotion-0"
>
  <section
    className="emotion-1"
  >
    <div
      className="emotion-2"
    >
      <div
        className="emotion-3"
      />
      <div
        className="emotion-4"
      >
        <h1
          className="emotion-5"
        >
          Celo Test Terms
        </h1>
      </div>
    </div>
  </section>
  <section
    className="emotion-1"
  >
    <div
      className="emotion-7"
    >
      <div
        className="emotion-3"
      >
        <h6
          className="emotion-9"
        >
          Updated May 1, 2020
        </h6>
      </div>
      <div
        className="emotion-10"
      >
        <div
          className="emotion-11"
          dir="auto"
          style={
            Object {
              "color": "rgba(17,18,20,1.00)",
              "fontFamily": "Inter, sans-serif",
              "fontSize": "20px",
              "lineHeight": "28px",
              "marginBottom": "10px",
              "marginTop": "10px",
              "textRendering": "geometricPrecision",
            }
          }
        >
          <b>
            Introduction
          </b>
        </div>
        <div
          className="emotion-11"
          dir="auto"
          style={
            Object {
              "color": "rgba(17,18,20,1.00)",
              "fontFamily": "Inter, sans-serif",
              "fontSize": "20px",
              "lineHeight": "28px",
              "marginBottom": "10px",
              "marginTop": "10px",
              "textRendering": "geometricPrecision",
            }
          }
        >
          The Terms & Conditions (“
          <b>
            Terms
          </b>
          ” ) set forth here shall govern your use of this Website, including all pages within it (“
          <b>
            Site
          </b>
          ”). These Terms apply in full force and effect to your use of this Site and by using this Site, you expressly accept all terms and conditions contained herein in full including the 
          <div
            className="emotion-13"
          >
            <a
              className="emotion-14"
              href="https://celo.org/code-of-conduct"
              onClick={[Function]}
              onMouseEnter={[Function]}
            >
              <b>
                Celo Community Code of Conduct
              </b>
            </a>
          </div>
           (the “Community Code”). You must not use this Site, if you have any objection to any of these Terms or the Community Code. This Site is not for use by any minors (defined as those who are not at least 18 years of age), and you must not use this Site if you are a minor.
        </div>
      </div>
    </div>
  </section>
</div>
`;
